MPLINK 5.07, LINKER
Linker Map File - Created Wed Apr 15 10:07:06 2015

                                 Section Info
                  Section       Type    Address   Location Size(Bytes)
                ---------  ---------  ---------  ---------  ---------
                   .org_4       code   0x000000    program   0x000002
                   .cinit    romdata   0x000001    program   0x000004
                   .org_5       code   0x000004    program   0x0000d4
                   .org_6       code   0x000100    program   0x000df8
                   .org_0       code   0x000800    program   0x00008e
                   .org_1       code   0x000900    program   0x000cb4
                   .org_3       code   0x001100    program   0x000276
.config_2007_BUILD/DEFAULT/PRODUCTION/MIO16X1       code   0x002007    program   0x000002
.config_2008_BUILD/DEFAULT/PRODUCTION/MIO16X1       code   0x002008    program   0x000002



                              Program Memory Usage 
                               Start         End      
                           ---------   ---------      
                            0x000000    0x000002      
                            0x000004    0x00006d      
                            0x000100    0x0007fb      
                            0x000800    0x000846      
                            0x000900    0x000f59      
                            0x001100    0x00123a      
                            0x002007    0x002008      
            3911 out of 8455 program addresses used, program memory utilization is 46%



                              Symbols - Sorted by Name
                     Name    Address   Location    Storage File                     
                ---------  ---------  ---------  --------- ---------                
                  ADChan1   0x000b3f    program     static /home/walter/Dropbox/Gnu-Monitor/gmhome/hardware/mio16x16ad/pgm/page1.inc
                  ADChan2   0x000b4b    program     static /home/walter/Dropbox/Gnu-Monitor/gmhome/hardware/mio16x16ad/pgm/page1.inc
                  ADChan3   0x000b57    program     static /home/walter/Dropbox/Gnu-Monitor/gmhome/hardware/mio16x16ad/pgm/page1.inc
                  ADChan4   0x000b63    program     static /home/walter/Dropbox/Gnu-Monitor/gmhome/hardware/mio16x16ad/pgm/page1.inc
                ADChanTbl   0x000809    program     static /home/walter/Dropbox/Gnu-Monitor/gmhome/hardware/mio16x16ad/pgm/page1.inc
                  ADCheck   0x000800    program     static /home/walter/Dropbox/Gnu-Monitor/gmhome/hardware/mio16x16ad/pgm/page1.inc
                ADControl   0x000b70    program     static /home/walter/Dropbox/Gnu-Monitor/gmhome/hardware/mio16x16ad/pgm/page1.inc
                  ADCtrl1   0x000b72    program     static /home/walter/Dropbox/Gnu-Monitor/gmhome/hardware/mio16x16ad/pgm/page1.inc
              ADCtrl1_off   0x000b8a    program     static /home/walter/Dropbox/Gnu-Monitor/gmhome/hardware/mio16x16ad/pgm/page1.inc
           ADCtrl1_off2on   0x000ba7    program     static /home/walter/Dropbox/Gnu-Monitor/gmhome/hardware/mio16x16ad/pgm/page1.inc
            ADCtrl1_off_l   0x000b93    program     static /home/walter/Dropbox/Gnu-Monitor/gmhome/hardware/mio16x16ad/pgm/page1.inc
               ADCtrl1_on   0x000b79    program     static /home/walter/Dropbox/Gnu-Monitor/gmhome/hardware/mio16x16ad/pgm/page1.inc
           ADCtrl1_on2off   0x000b9c    program     static /home/walter/Dropbox/Gnu-Monitor/gmhome/hardware/mio16x16ad/pgm/page1.inc
             ADCtrl1_on_l   0x000b81    program     static /home/walter/Dropbox/Gnu-Monitor/gmhome/hardware/mio16x16ad/pgm/page1.inc
                  ADCtrl2   0x000bb1    program     static /home/walter/Dropbox/Gnu-Monitor/gmhome/hardware/mio16x16ad/pgm/page1.inc
              ADCtrl2_off   0x000bc9    program     static /home/walter/Dropbox/Gnu-Monitor/gmhome/hardware/mio16x16ad/pgm/page1.inc
           ADCtrl2_off2on   0x000be6    program     static /home/walter/Dropbox/Gnu-Monitor/gmhome/hardware/mio16x16ad/pgm/page1.inc
            ADCtrl2_off_l   0x000bd2    program     static /home/walter/Dropbox/Gnu-Monitor/gmhome/hardware/mio16x16ad/pgm/page1.inc
               ADCtrl2_on   0x000bb8    program     static /home/walter/Dropbox/Gnu-Monitor/gmhome/hardware/mio16x16ad/pgm/page1.inc
           ADCtrl2_on2off   0x000bdb    program     static /home/walter/Dropbox/Gnu-Monitor/gmhome/hardware/mio16x16ad/pgm/page1.inc
             ADCtrl2_on_1   0x000bc0    program     static /home/walter/Dropbox/Gnu-Monitor/gmhome/hardware/mio16x16ad/pgm/page1.inc
                  ADCtrl3   0x000bf0    program     static /home/walter/Dropbox/Gnu-Monitor/gmhome/hardware/mio16x16ad/pgm/page1.inc
              ADCtrl3_off   0x000c08    program     static /home/walter/Dropbox/Gnu-Monitor/gmhome/hardware/mio16x16ad/pgm/page1.inc
           ADCtrl3_off2on   0x000c25    program     static /home/walter/Dropbox/Gnu-Monitor/gmhome/hardware/mio16x16ad/pgm/page1.inc
            ADCtrl3_off_l   0x000c11    program     static /home/walter/Dropbox/Gnu-Monitor/gmhome/hardware/mio16x16ad/pgm/page1.inc
               ADCtrl3_on   0x000bf7    program     static /home/walter/Dropbox/Gnu-Monitor/gmhome/hardware/mio16x16ad/pgm/page1.inc
           ADCtrl3_on2off   0x000c1a    program     static /home/walter/Dropbox/Gnu-Monitor/gmhome/hardware/mio16x16ad/pgm/page1.inc
             ADCtrl3_on_l   0x000bff    program     static /home/walter/Dropbox/Gnu-Monitor/gmhome/hardware/mio16x16ad/pgm/page1.inc
                  ADCtrl4   0x000c2f    program     static /home/walter/Dropbox/Gnu-Monitor/gmhome/hardware/mio16x16ad/pgm/page1.inc
              ADCtrl4_off   0x000c47    program     static /home/walter/Dropbox/Gnu-Monitor/gmhome/hardware/mio16x16ad/pgm/page1.inc
           ADCtrl4_off2on   0x000c64    program     static /home/walter/Dropbox/Gnu-Monitor/gmhome/hardware/mio16x16ad/pgm/page1.inc
            ADCtrl4_off_l   0x000c50    program     static /home/walter/Dropbox/Gnu-Monitor/gmhome/hardware/mio16x16ad/pgm/page1.inc
               ADCtrl4_on   0x000c36    program     static /home/walter/Dropbox/Gnu-Monitor/gmhome/hardware/mio16x16ad/pgm/page1.inc
           ADCtrl4_on2off   0x000c59    program     static /home/walter/Dropbox/Gnu-Monitor/gmhome/hardware/mio16x16ad/pgm/page1.inc
             ADCtrl4_on_l   0x000c3e    program     static /home/walter/Dropbox/Gnu-Monitor/gmhome/hardware/mio16x16ad/pgm/page1.inc
                ADCtrlFin   0x000c6e    program     static /home/walter/Dropbox/Gnu-Monitor/gmhome/hardware/mio16x16ad/pgm/page1.inc
                 ADEnable   0x000b37    program     static /home/walter/Dropbox/Gnu-Monitor/gmhome/hardware/mio16x16ad/pgm/page1.inc
                     Btn0   0x00099b    program     static /home/walter/Dropbox/Gnu-Monitor/gmhome/hardware/mio16x16ad/pgm/page1.inc
                  Btn0Off   0x0009a7    program     static /home/walter/Dropbox/Gnu-Monitor/gmhome/hardware/mio16x16ad/pgm/page1.inc
                   Btn0On   0x00099d    program     static /home/walter/Dropbox/Gnu-Monitor/gmhome/hardware/mio16x16ad/pgm/page1.inc
                     Btn1   0x0009ad    program     static /home/walter/Dropbox/Gnu-Monitor/gmhome/hardware/mio16x16ad/pgm/page1.inc
                  Btn1Off   0x0009b9    program     static /home/walter/Dropbox/Gnu-Monitor/gmhome/hardware/mio16x16ad/pgm/page1.inc
                   Btn1On   0x0009af    program     static /home/walter/Dropbox/Gnu-Monitor/gmhome/hardware/mio16x16ad/pgm/page1.inc
                     Btn2   0x0009bf    program     static /home/walter/Dropbox/Gnu-Monitor/gmhome/hardware/mio16x16ad/pgm/page1.inc
                  Btn2Off   0x0009cb    program     static /home/walter/Dropbox/Gnu-Monitor/gmhome/hardware/mio16x16ad/pgm/page1.inc
                   Btn2On   0x0009c1    program     static /home/walter/Dropbox/Gnu-Monitor/gmhome/hardware/mio16x16ad/pgm/page1.inc
                     Btn3   0x0009d1    program     static /home/walter/Dropbox/Gnu-Monitor/gmhome/hardware/mio16x16ad/pgm/page1.inc
                  Btn3Off   0x0009dd    program     static /home/walter/Dropbox/Gnu-Monitor/gmhome/hardware/mio16x16ad/pgm/page1.inc
                   Btn3On   0x0009d3    program     static /home/walter/Dropbox/Gnu-Monitor/gmhome/hardware/mio16x16ad/pgm/page1.inc
                     Btn4   0x0009e3    program     static /home/walter/Dropbox/Gnu-Monitor/gmhome/hardware/mio16x16ad/pgm/page1.inc
                  Btn4Off   0x0009ef    program     static /home/walter/Dropbox/Gnu-Monitor/gmhome/hardware/mio16x16ad/pgm/page1.inc
                   Btn4On   0x0009e5    program     static /home/walter/Dropbox/Gnu-Monitor/gmhome/hardware/mio16x16ad/pgm/page1.inc
                     Btn5   0x0009f5    program     static /home/walter/Dropbox/Gnu-Monitor/gmhome/hardware/mio16x16ad/pgm/page1.inc
                  Btn5Off   0x000a01    program     static /home/walter/Dropbox/Gnu-Monitor/gmhome/hardware/mio16x16ad/pgm/page1.inc
                   Btn5On   0x0009f7    program     static /home/walter/Dropbox/Gnu-Monitor/gmhome/hardware/mio16x16ad/pgm/page1.inc
                     Btn6   0x000a07    program     static /home/walter/Dropbox/Gnu-Monitor/gmhome/hardware/mio16x16ad/pgm/page1.inc
                  Btn6Off   0x000a13    program     static /home/walter/Dropbox/Gnu-Monitor/gmhome/hardware/mio16x16ad/pgm/page1.inc
                   Btn6On   0x000a09    program     static /home/walter/Dropbox/Gnu-Monitor/gmhome/hardware/mio16x16ad/pgm/page1.inc
                     Btn7   0x000a19    program     static /home/walter/Dropbox/Gnu-Monitor/gmhome/hardware/mio16x16ad/pgm/page1.inc
                  Btn7Off   0x000a25    program     static /home/walter/Dropbox/Gnu-Monitor/gmhome/hardware/mio16x16ad/pgm/page1.inc
                   Btn7On   0x000a1b    program     static /home/walter/Dropbox/Gnu-Monitor/gmhome/hardware/mio16x16ad/pgm/page1.inc
                  BtnExit   0x000a2b    program     static /home/walter/Dropbox/Gnu-Monitor/gmhome/hardware/mio16x16ad/pgm/page1.inc
            CLOCK_Refresh   0x000c89    program     static /home/walter/Dropbox/Gnu-Monitor/gmhome/hardware/mio16x16ad/pgm/page1.inc
                 CheckBtn   0x00099a    program     static /home/walter/Dropbox/Gnu-Monitor/gmhome/hardware/mio16x16ad/pgm/page1.inc
               CheckPulse   0x000a7f    program     static /home/walter/Dropbox/Gnu-Monitor/gmhome/hardware/mio16x16ad/pgm/page1.inc
           CheckPulseExit   0x000b00    program     static /home/walter/Dropbox/Gnu-Monitor/gmhome/hardware/mio16x16ad/pgm/page1.inc
          CheckRxOverflow   0x0001ed    program     static /home/walter/Dropbox/Gnu-Monitor/gmhome/hardware/mio16x16ad/pgm/txrx.inc
                ClockMant   0x000b09    program     static /home/walter/Dropbox/Gnu-Monitor/gmhome/hardware/mio16x16ad/pgm/page1.inc
            ClockMant_End   0x000b1e    program     static /home/walter/Dropbox/Gnu-Monitor/gmhome/hardware/mio16x16ad/pgm/page1.inc
                    ClrRx   0x0001f3    program     static /home/walter/Dropbox/Gnu-Monitor/gmhome/hardware/mio16x16ad/pgm/txrx.inc
                    ClrTx   0x000100    program     static /home/walter/Dropbox/Gnu-Monitor/gmhome/hardware/mio16x16ad/pgm/txrx.inc
              ControlBeep   0x00096a    program     static /home/walter/Dropbox/Gnu-Monitor/gmhome/hardware/mio16x16ad/pgm/page1.inc
             ControlBeep2   0x00097a    program     static /home/walter/Dropbox/Gnu-Monitor/gmhome/hardware/mio16x16ad/pgm/page1.inc
            ControlChkSum   0x0001e5    program     static /home/walter/Dropbox/Gnu-Monitor/gmhome/hardware/mio16x16ad/pgm/txrx.inc
            ControlRxByte   0x0001bf    program     static /home/walter/Dropbox/Gnu-Monitor/gmhome/hardware/mio16x16ad/pgm/txrx.inc
           ControlRxStart   0x0001cc    program     static /home/walter/Dropbox/Gnu-Monitor/gmhome/hardware/mio16x16ad/pgm/txrx.inc
         ControlRxStartOk   0x0001da    program     static /home/walter/Dropbox/Gnu-Monitor/gmhome/hardware/mio16x16ad/pgm/txrx.inc
               ControlSrc   0x0001df    program     static /home/walter/Dropbox/Gnu-Monitor/gmhome/hardware/mio16x16ad/pgm/txrx.inc
               CtrlSeguim   0x0007b2    program     static /home/walter/Dropbox/Gnu-Monitor/gmhome/hardware/mio16x16ad/pgm/mio16x16ad.asm
              CtrlSeguim1   0x0007bc    program     static /home/walter/Dropbox/Gnu-Monitor/gmhome/hardware/mio16x16ad/pgm/mio16x16ad.asm
              CtrlSeguim2   0x0007c9    program     static /home/walter/Dropbox/Gnu-Monitor/gmhome/hardware/mio16x16ad/pgm/mio16x16ad.asm
             CtrlSeguimAN   0x0007d6    program     static /home/walter/Dropbox/Gnu-Monitor/gmhome/hardware/mio16x16ad/pgm/mio16x16ad.asm
              CtrlStartAD   0x000a4d    program     static /home/walter/Dropbox/Gnu-Monitor/gmhome/hardware/mio16x16ad/pgm/page1.inc
               CtrlTrafic   0x000a57    program     static /home/walter/Dropbox/Gnu-Monitor/gmhome/hardware/mio16x16ad/pgm/page1.inc
                DEC2ASCII   0x000817    program     static /home/walter/Dropbox/Gnu-Monitor/gmhome/hardware/mio16x16ad/pgm/page1.inc
          DISPLAY_Refresh   0x000cd1    program     static /home/walter/Dropbox/Gnu-Monitor/gmhome/hardware/mio16x16ad/pgm/page1.inc
                Delay_1ms   0x000c7d    program     static /home/walter/Dropbox/Gnu-Monitor/gmhome/hardware/mio16x16ad/pgm/page1.inc
           Delay_1ms_Loop   0x000c7f    program     static /home/walter/Dropbox/Gnu-Monitor/gmhome/hardware/mio16x16ad/pgm/page1.inc
               Delay_x1ms   0x000c84    program     static /home/walter/Dropbox/Gnu-Monitor/gmhome/hardware/mio16x16ad/pgm/page1.inc
          Delay_x1ms_Loop   0x000c85    program     static /home/walter/Dropbox/Gnu-Monitor/gmhome/hardware/mio16x16ad/pgm/page1.inc
               Delay_x5us   0x000c77    program     static /home/walter/Dropbox/Gnu-Monitor/gmhome/hardware/mio16x16ad/pgm/page1.inc
          Delay_x5us_Loop   0x000c78    program     static /home/walter/Dropbox/Gnu-Monitor/gmhome/hardware/mio16x16ad/pgm/page1.inc
              DisplayCtrl   0x00091d    program     static /home/walter/Dropbox/Gnu-Monitor/gmhome/hardware/mio16x16ad/pgm/page1.inc
           End_IO_Refresh   0x000e28    program     static /home/walter/Dropbox/Gnu-Monitor/gmhome/hardware/mio16x16ad/pgm/page1.inc
                ExternInt   0x000969    program     static /home/walter/Dropbox/Gnu-Monitor/gmhome/hardware/mio16x16ad/pgm/page1.inc
                    FcnQ3   0x000341    program     static /home/walter/Dropbox/Gnu-Monitor/gmhome/hardware/mio16x16ad/pgm/fcn.inc
                 FcnQ3Set   0x000355    program     static /home/walter/Dropbox/Gnu-Monitor/gmhome/hardware/mio16x16ad/pgm/fcn.inc
                FcnQ3SetA   0x00036b    program     static /home/walter/Dropbox/Gnu-Monitor/gmhome/hardware/mio16x16ad/pgm/fcn.inc
                FcnQ3SetB   0x000031    program     static /home/walter/Dropbox/Gnu-Monitor/gmhome/hardware/mio16x16ad/pgm/mio16x16ad.asm
                  FcnQ3s1   0x00034e    program     static /home/walter/Dropbox/Gnu-Monitor/gmhome/hardware/mio16x16ad/pgm/fcn.inc
                  FcnQ3s2   0x000352    program     static /home/walter/Dropbox/Gnu-Monitor/gmhome/hardware/mio16x16ad/pgm/fcn.inc
                    FcnQ4   0x00036f    program     static /home/walter/Dropbox/Gnu-Monitor/gmhome/hardware/mio16x16ad/pgm/fcn.inc
                    FcnQ5   0x000388    program     static /home/walter/Dropbox/Gnu-Monitor/gmhome/hardware/mio16x16ad/pgm/fcn.inc
                 FcnQ5Set   0x0003ad    program     static /home/walter/Dropbox/Gnu-Monitor/gmhome/hardware/mio16x16ad/pgm/fcn.inc
                  FcnQ5s1   0x00039c    program     static /home/walter/Dropbox/Gnu-Monitor/gmhome/hardware/mio16x16ad/pgm/fcn.inc
                  FcnQ5s2   0x0003a5    program     static /home/walter/Dropbox/Gnu-Monitor/gmhome/hardware/mio16x16ad/pgm/fcn.inc
                    FcnQ6   0x0003b3    program     static /home/walter/Dropbox/Gnu-Monitor/gmhome/hardware/mio16x16ad/pgm/fcn.inc
                  FcnQ6e1   0x0003bf    program     static /home/walter/Dropbox/Gnu-Monitor/gmhome/hardware/mio16x16ad/pgm/fcn.inc
                  FcnQ6e2   0x0003c8    program     static /home/walter/Dropbox/Gnu-Monitor/gmhome/hardware/mio16x16ad/pgm/fcn.inc
                    FcnQ7   0x0003d1    program     static /home/walter/Dropbox/Gnu-Monitor/gmhome/hardware/mio16x16ad/pgm/fcn.inc
                  FcnQ7s1   0x0003dd    program     static /home/walter/Dropbox/Gnu-Monitor/gmhome/hardware/mio16x16ad/pgm/fcn.inc
                  FcnQ7s2   0x0003e8    program     static /home/walter/Dropbox/Gnu-Monitor/gmhome/hardware/mio16x16ad/pgm/fcn.inc
                    FcnQ8   0x0003f3    program     static /home/walter/Dropbox/Gnu-Monitor/gmhome/hardware/mio16x16ad/pgm/fcn.inc
                 FcnQ8Fin   0x000463    program     static /home/walter/Dropbox/Gnu-Monitor/gmhome/hardware/mio16x16ad/pgm/fcn.inc
                  FcnQ8e1   0x000408    program     static /home/walter/Dropbox/Gnu-Monitor/gmhome/hardware/mio16x16ad/pgm/fcn.inc
                  FcnQ8e2   0x00041f    program     static /home/walter/Dropbox/Gnu-Monitor/gmhome/hardware/mio16x16ad/pgm/fcn.inc
                  FcnQ8e3   0x000436    program     static /home/walter/Dropbox/Gnu-Monitor/gmhome/hardware/mio16x16ad/pgm/fcn.inc
                  FcnQ8e4   0x00044d    program     static /home/walter/Dropbox/Gnu-Monitor/gmhome/hardware/mio16x16ad/pgm/fcn.inc
                    FcnQA   0x0004c4    program     static /home/walter/Dropbox/Gnu-Monitor/gmhome/hardware/mio16x16ad/pgm/fcn.inc
                   FcnQA1   0x0004d9    program     static /home/walter/Dropbox/Gnu-Monitor/gmhome/hardware/mio16x16ad/pgm/fcn.inc
                   FcnQA2   0x0004dc    program     static /home/walter/Dropbox/Gnu-Monitor/gmhome/hardware/mio16x16ad/pgm/fcn.inc
                   FcnQA3   0x0004df    program     static /home/walter/Dropbox/Gnu-Monitor/gmhome/hardware/mio16x16ad/pgm/fcn.inc
                   FcnQA4   0x0004e2    program     static /home/walter/Dropbox/Gnu-Monitor/gmhome/hardware/mio16x16ad/pgm/fcn.inc
                 FcnQASet   0x0004e5    program     static /home/walter/Dropbox/Gnu-Monitor/gmhome/hardware/mio16x16ad/pgm/fcn.inc
                    FcnQB   0x0004bb    program     static /home/walter/Dropbox/Gnu-Monitor/gmhome/hardware/mio16x16ad/pgm/fcn.inc
                    FcnQC   0x000546    program     static /home/walter/Dropbox/Gnu-Monitor/gmhome/hardware/mio16x16ad/pgm/fcn.inc
           FcnQC_LongBeep   0x00054e    program     static /home/walter/Dropbox/Gnu-Monitor/gmhome/hardware/mio16x16ad/pgm/fcn.inc
                    FcnQD   0x000550    program     static /home/walter/Dropbox/Gnu-Monitor/gmhome/hardware/mio16x16ad/pgm/fcn.inc
                    FcnQE   0x00055c    program     static /home/walter/Dropbox/Gnu-Monitor/gmhome/hardware/mio16x16ad/pgm/fcn.inc
                FcnQError   0x00031a    program     static /home/walter/Dropbox/Gnu-Monitor/gmhome/hardware/mio16x16ad/pgm/fcn.inc
                    FcnQF   0x0004f3    program     static /home/walter/Dropbox/Gnu-Monitor/gmhome/hardware/mio16x16ad/pgm/fcn.inc
                 FcnQFEnd   0x00050f    program     static /home/walter/Dropbox/Gnu-Monitor/gmhome/hardware/mio16x16ad/pgm/fcn.inc
                  FcnQFe1   0x000503    program     static /home/walter/Dropbox/Gnu-Monitor/gmhome/hardware/mio16x16ad/pgm/fcn.inc
                  FcnQFe2   0x000507    program     static /home/walter/Dropbox/Gnu-Monitor/gmhome/hardware/mio16x16ad/pgm/fcn.inc
                  FcnQFeA   0x00050b    program     static /home/walter/Dropbox/Gnu-Monitor/gmhome/hardware/mio16x16ad/pgm/fcn.inc
                    FcnQG   0x000568    program     static /home/walter/Dropbox/Gnu-Monitor/gmhome/hardware/mio16x16ad/pgm/fcn.inc
                    FcnQH   0x000574    program     static /home/walter/Dropbox/Gnu-Monitor/gmhome/hardware/mio16x16ad/pgm/fcn.inc
                    FcnQI   0x000499    program     static /home/walter/Dropbox/Gnu-Monitor/gmhome/hardware/mio16x16ad/pgm/fcn.inc
                FcnQIOper   0x0004ad    program     static /home/walter/Dropbox/Gnu-Monitor/gmhome/hardware/mio16x16ad/pgm/fcn.inc
                  FcnQIs1   0x0004a6    program     static /home/walter/Dropbox/Gnu-Monitor/gmhome/hardware/mio16x16ad/pgm/fcn.inc
                  FcnQIs2   0x0004aa    program     static /home/walter/Dropbox/Gnu-Monitor/gmhome/hardware/mio16x16ad/pgm/fcn.inc
                    FcnQJ   0x000580    program     static /home/walter/Dropbox/Gnu-Monitor/gmhome/hardware/mio16x16ad/pgm/fcn.inc
                    FcnQK   0x00058c    program     static /home/walter/Dropbox/Gnu-Monitor/gmhome/hardware/mio16x16ad/pgm/fcn.inc
                    FcnQL   0x00046a    program     static /home/walter/Dropbox/Gnu-Monitor/gmhome/hardware/mio16x16ad/pgm/fcn.inc
                    FcnQM   0x000598    program     static /home/walter/Dropbox/Gnu-Monitor/gmhome/hardware/mio16x16ad/pgm/fcn.inc
                    FcnQN   0x0005a4    program     static /home/walter/Dropbox/Gnu-Monitor/gmhome/hardware/mio16x16ad/pgm/fcn.inc
                    FcnQO   0x000512    program     static /home/walter/Dropbox/Gnu-Monitor/gmhome/hardware/mio16x16ad/pgm/fcn.inc
                 FcnQOEnd   0x000543    program     static /home/walter/Dropbox/Gnu-Monitor/gmhome/hardware/mio16x16ad/pgm/fcn.inc
                  FcnQOe1   0x00052a    program     static /home/walter/Dropbox/Gnu-Monitor/gmhome/hardware/mio16x16ad/pgm/fcn.inc
                  FcnQOe2   0x00052f    program     static /home/walter/Dropbox/Gnu-Monitor/gmhome/hardware/mio16x16ad/pgm/fcn.inc
                  FcnQOeA   0x00053e    program     static /home/walter/Dropbox/Gnu-Monitor/gmhome/hardware/mio16x16ad/pgm/fcn.inc
                   FcnQOk   0x00030d    program     static /home/walter/Dropbox/Gnu-Monitor/gmhome/hardware/mio16x16ad/pgm/fcn.inc
                  FcnQOs1   0x000534    program     static /home/walter/Dropbox/Gnu-Monitor/gmhome/hardware/mio16x16ad/pgm/fcn.inc
                  FcnQOs2   0x000539    program     static /home/walter/Dropbox/Gnu-Monitor/gmhome/hardware/mio16x16ad/pgm/fcn.inc
                    FcnQP   0x000325    program     static /home/walter/Dropbox/Gnu-Monitor/gmhome/hardware/mio16x16ad/pgm/fcn.inc
                   FcnQP1   0x00032c    program     static /home/walter/Dropbox/Gnu-Monitor/gmhome/hardware/mio16x16ad/pgm/fcn.inc
                    FcnQQ   0x0005b0    program     static /home/walter/Dropbox/Gnu-Monitor/gmhome/hardware/mio16x16ad/pgm/fcn.inc
                    FcnQR   0x000494    program     static /home/walter/Dropbox/Gnu-Monitor/gmhome/hardware/mio16x16ad/pgm/fcn.inc
                    FcnQT   0x000473    program     static /home/walter/Dropbox/Gnu-Monitor/gmhome/hardware/mio16x16ad/pgm/fcn.inc
                    FcnR6   0x0005c3    program     static /home/walter/Dropbox/Gnu-Monitor/gmhome/hardware/mio16x16ad/pgm/fcn.inc
                  FcnR6e1   0x0005cc    program     static /home/walter/Dropbox/Gnu-Monitor/gmhome/hardware/mio16x16ad/pgm/fcn.inc
                  FcnR6e2   0x0005d4    program     static /home/walter/Dropbox/Gnu-Monitor/gmhome/hardware/mio16x16ad/pgm/fcn.inc
                    FcnR7   0x0005dc    program     static /home/walter/Dropbox/Gnu-Monitor/gmhome/hardware/mio16x16ad/pgm/fcn.inc
                  FcnR7s1   0x0005e5    program     static /home/walter/Dropbox/Gnu-Monitor/gmhome/hardware/mio16x16ad/pgm/fcn.inc
                  FcnR7s2   0x0005ed    program     static /home/walter/Dropbox/Gnu-Monitor/gmhome/hardware/mio16x16ad/pgm/fcn.inc
                    FcnR9   0x0005f5    program     static /home/walter/Dropbox/Gnu-Monitor/gmhome/hardware/mio16x16ad/pgm/fcn.inc
                  FcnR9a1   0x000606    program     static /home/walter/Dropbox/Gnu-Monitor/gmhome/hardware/mio16x16ad/pgm/fcn.inc
                  FcnR9a2   0x000611    program     static /home/walter/Dropbox/Gnu-Monitor/gmhome/hardware/mio16x16ad/pgm/fcn.inc
                  FcnR9a3   0x00061c    program     static /home/walter/Dropbox/Gnu-Monitor/gmhome/hardware/mio16x16ad/pgm/fcn.inc
                  FcnR9a4   0x000627    program     static /home/walter/Dropbox/Gnu-Monitor/gmhome/hardware/mio16x16ad/pgm/fcn.inc
                    FcnRP   0x0005bb    program     static /home/walter/Dropbox/Gnu-Monitor/gmhome/hardware/mio16x16ad/pgm/fcn.inc
                    FcnRT   0x000632    program     static /home/walter/Dropbox/Gnu-Monitor/gmhome/hardware/mio16x16ad/pgm/fcn.inc
              GetDateTime   0x000b20    program     static /home/walter/Dropbox/Gnu-Monitor/gmhome/hardware/mio16x16ad/pgm/page1.inc
          GetPulseCountS1   0x000053    program     static /home/walter/Dropbox/Gnu-Monitor/gmhome/hardware/mio16x16ad/pgm/mio16x16ad.asm
          GetPulseCountS2   0x00005c    program     static /home/walter/Dropbox/Gnu-Monitor/gmhome/hardware/mio16x16ad/pgm/mio16x16ad.asm
                  HEX2DEC   0x000d83    program     static /home/walter/Dropbox/Gnu-Monitor/gmhome/hardware/mio16x16ad/pgm/page1.inc
                HEX2DEC_H   0x000d88    program     static /home/walter/Dropbox/Gnu-Monitor/gmhome/hardware/mio16x16ad/pgm/page1.inc
                HEX2DEC_L   0x000d96    program     static /home/walter/Dropbox/Gnu-Monitor/gmhome/hardware/mio16x16ad/pgm/page1.inc
                HEX2DEC_M   0x000d8f    program     static /home/walter/Dropbox/Gnu-Monitor/gmhome/hardware/mio16x16ad/pgm/page1.inc
               IO_Refresh   0x000d9b    program     static /home/walter/Dropbox/Gnu-Monitor/gmhome/hardware/mio16x16ad/pgm/page1.inc
                IRCodeInt   0x000923    program     static /home/walter/Dropbox/Gnu-Monitor/gmhome/hardware/mio16x16ad/pgm/page1.inc
              IRCodeLoad1   0x000955    program     static /home/walter/Dropbox/Gnu-Monitor/gmhome/hardware/mio16x16ad/pgm/page1.inc
              IRCodeLoad2   0x000959    program     static /home/walter/Dropbox/Gnu-Monitor/gmhome/hardware/mio16x16ad/pgm/page1.inc
              IRCodeLoad3   0x00095d    program     static /home/walter/Dropbox/Gnu-Monitor/gmhome/hardware/mio16x16ad/pgm/page1.inc
              IRCodeLoad4   0x000961    program     static /home/walter/Dropbox/Gnu-Monitor/gmhome/hardware/mio16x16ad/pgm/page1.inc
              IRCodeLoad5   0x000965    program     static /home/walter/Dropbox/Gnu-Monitor/gmhome/hardware/mio16x16ad/pgm/page1.inc
               IRCodeSend   0x00093b    program     static /home/walter/Dropbox/Gnu-Monitor/gmhome/hardware/mio16x16ad/pgm/page1.inc
           IRCodeSendCont   0x00094f    program     static /home/walter/Dropbox/Gnu-Monitor/gmhome/hardware/mio16x16ad/pgm/page1.inc
              IRCodeStart   0x000939    program     static /home/walter/Dropbox/Gnu-Monitor/gmhome/hardware/mio16x16ad/pgm/page1.inc
               IRCodeStop   0x000936    program     static /home/walter/Dropbox/Gnu-Monitor/gmhome/hardware/mio16x16ad/pgm/page1.inc
                     Init   0x00069c    program     static /home/walter/Dropbox/Gnu-Monitor/gmhome/hardware/mio16x16ad/pgm/mio16x16ad.asm
                 LCD_BUSY   0x000ce3    program     static /home/walter/Dropbox/Gnu-Monitor/gmhome/hardware/mio16x16ad/pgm/page1.inc
                LCD_DATOS   0x000cfe    program     static /home/walter/Dropbox/Gnu-Monitor/gmhome/hardware/mio16x16ad/pgm/page1.inc
                    LCD_E   0x000cdd    program     static /home/walter/Dropbox/Gnu-Monitor/gmhome/hardware/mio16x16ad/pgm/page1.inc
                  LCD_INI   0x000d13    program     static /home/walter/Dropbox/Gnu-Monitor/gmhome/hardware/mio16x16ad/pgm/page1.inc
                LCD_LINE1   0x000d03    program     static /home/walter/Dropbox/Gnu-Monitor/gmhome/hardware/mio16x16ad/pgm/page1.inc
               LCD_LINE1R   0x000d05    program     static /home/walter/Dropbox/Gnu-Monitor/gmhome/hardware/mio16x16ad/pgm/page1.inc
                LCD_LINE2   0x000d07    program     static /home/walter/Dropbox/Gnu-Monitor/gmhome/hardware/mio16x16ad/pgm/page1.inc
               LCD_LINE2R   0x000d09    program     static /home/walter/Dropbox/Gnu-Monitor/gmhome/hardware/mio16x16ad/pgm/page1.inc
                LCD_LINE3   0x000d0b    program     static /home/walter/Dropbox/Gnu-Monitor/gmhome/hardware/mio16x16ad/pgm/page1.inc
               LCD_LINE3R   0x000d0d    program     static /home/walter/Dropbox/Gnu-Monitor/gmhome/hardware/mio16x16ad/pgm/page1.inc
                LCD_LINE4   0x000d0f    program     static /home/walter/Dropbox/Gnu-Monitor/gmhome/hardware/mio16x16ad/pgm/page1.inc
               LCD_LINE4R   0x000d11    program     static /home/walter/Dropbox/Gnu-Monitor/gmhome/hardware/mio16x16ad/pgm/page1.inc
           LCD_NO_PRESENT   0x000cf8    program     static /home/walter/Dropbox/Gnu-Monitor/gmhome/hardware/mio16x16ad/pgm/page1.inc
                  LCD_REG   0x000cfa    program     static /home/walter/Dropbox/Gnu-Monitor/gmhome/hardware/mio16x16ad/pgm/page1.inc
                   L_BUSY   0x000ceb    program     static /home/walter/Dropbox/Gnu-Monitor/gmhome/hardware/mio16x16ad/pgm/page1.inc
                 LongBeep   0x0007f4    program     static /home/walter/Dropbox/Gnu-Monitor/gmhome/hardware/mio16x16ad/pgm/mio16x16ad.asm
                     Main   0x000762    program     static /home/walter/Dropbox/Gnu-Monitor/gmhome/hardware/mio16x16ad/pgm/mio16x16ad.asm
                 MainLoop   0x000769    program     static /home/walter/Dropbox/Gnu-Monitor/gmhome/hardware/mio16x16ad/pgm/mio16x16ad.asm
           Notificaciones   0x001100    program     static /home/walter/Dropbox/Gnu-Monitor/gmhome/hardware/mio16x16ad/pgm/page2.inc
          NotificarAnalog   0x00114b    program     static /home/walter/Dropbox/Gnu-Monitor/gmhome/hardware/mio16x16ad/pgm/page2.inc
         NotificarAnalog1   0x001151    program     static /home/walter/Dropbox/Gnu-Monitor/gmhome/hardware/mio16x16ad/pgm/page2.inc
     NotificarAnalog1Cont   0x001159    program     static /home/walter/Dropbox/Gnu-Monitor/gmhome/hardware/mio16x16ad/pgm/page2.inc
         NotificarAnalog2   0x001175    program     static /home/walter/Dropbox/Gnu-Monitor/gmhome/hardware/mio16x16ad/pgm/page2.inc
     NotificarAnalog2Cont   0x00117d    program     static /home/walter/Dropbox/Gnu-Monitor/gmhome/hardware/mio16x16ad/pgm/page2.inc
         NotificarAnalog3   0x001199    program     static /home/walter/Dropbox/Gnu-Monitor/gmhome/hardware/mio16x16ad/pgm/page2.inc
     NotificarAnalog3Cont   0x0011a1    program     static /home/walter/Dropbox/Gnu-Monitor/gmhome/hardware/mio16x16ad/pgm/page2.inc
         NotificarAnalog4   0x0011bd    program     static /home/walter/Dropbox/Gnu-Monitor/gmhome/hardware/mio16x16ad/pgm/page2.inc
     NotificarAnalog4Cont   0x0011c5    program     static /home/walter/Dropbox/Gnu-Monitor/gmhome/hardware/mio16x16ad/pgm/page2.inc
       NotificarAnalogFin   0x0011e1    program     static /home/walter/Dropbox/Gnu-Monitor/gmhome/hardware/mio16x16ad/pgm/page2.inc
           NotificarInput   0x00110b    program     static /home/walter/Dropbox/Gnu-Monitor/gmhome/hardware/mio16x16ad/pgm/page2.inc
          NotificarInput1   0x001110    program     static /home/walter/Dropbox/Gnu-Monitor/gmhome/hardware/mio16x16ad/pgm/page2.inc
      NotificarInput1Cont   0x001118    program     static /home/walter/Dropbox/Gnu-Monitor/gmhome/hardware/mio16x16ad/pgm/page2.inc
          NotificarInput2   0x001126    program     static /home/walter/Dropbox/Gnu-Monitor/gmhome/hardware/mio16x16ad/pgm/page2.inc
      NotificarInput2Cont   0x00112e    program     static /home/walter/Dropbox/Gnu-Monitor/gmhome/hardware/mio16x16ad/pgm/page2.inc
        NotificarInputFin   0x00113b    program     static /home/walter/Dropbox/Gnu-Monitor/gmhome/hardware/mio16x16ad/pgm/page2.inc
          NotificarOutput   0x0011f7    program     static /home/walter/Dropbox/Gnu-Monitor/gmhome/hardware/mio16x16ad/pgm/page2.inc
         NotificarOutput1   0x0011fc    program     static /home/walter/Dropbox/Gnu-Monitor/gmhome/hardware/mio16x16ad/pgm/page2.inc
     NotificarOutput1Cont   0x001204    program     static /home/walter/Dropbox/Gnu-Monitor/gmhome/hardware/mio16x16ad/pgm/page2.inc
         NotificarOutput2   0x001214    program     static /home/walter/Dropbox/Gnu-Monitor/gmhome/hardware/mio16x16ad/pgm/page2.inc
     NotificarOutput2Cont   0x00121c    program     static /home/walter/Dropbox/Gnu-Monitor/gmhome/hardware/mio16x16ad/pgm/page2.inc
       NotificarOutputFin   0x00122b    program     static /home/walter/Dropbox/Gnu-Monitor/gmhome/hardware/mio16x16ad/pgm/page2.inc
                  NumBeep   0x0007eb    program     static /home/walter/Dropbox/Gnu-Monitor/gmhome/hardware/mio16x16ad/pgm/mio16x16ad.asm
                Presencia   0x000792    program     static /home/walter/Dropbox/Gnu-Monitor/gmhome/hardware/mio16x16ad/pgm/mio16x16ad.asm
               PrintAbril   0x000e77    program     static /home/walter/Dropbox/Gnu-Monitor/gmhome/hardware/mio16x16ad/pgm/page1.inc
              PrintAgosto   0x000e93    program     static /home/walter/Dropbox/Gnu-Monitor/gmhome/hardware/mio16x16ad/pgm/page1.inc
           PrintDiaSemana   0x000828    program     static /home/walter/Dropbox/Gnu-Monitor/gmhome/hardware/mio16x16ad/pgm/page1.inc
           PrintDiciembre   0x000eaf    program     static /home/walter/Dropbox/Gnu-Monitor/gmhome/hardware/mio16x16ad/pgm/page1.inc
             PrintDomingo   0x000e5b    program     static /home/walter/Dropbox/Gnu-Monitor/gmhome/hardware/mio16x16ad/pgm/page1.inc
               PrintEnero   0x000e62    program     static /home/walter/Dropbox/Gnu-Monitor/gmhome/hardware/mio16x16ad/pgm/page1.inc
             PrintFebrero   0x000e69    program     static /home/walter/Dropbox/Gnu-Monitor/gmhome/hardware/mio16x16ad/pgm/page1.inc
              PrintJueves   0x000e46    program     static /home/walter/Dropbox/Gnu-Monitor/gmhome/hardware/mio16x16ad/pgm/page1.inc
               PrintJulio   0x000e8c    program     static /home/walter/Dropbox/Gnu-Monitor/gmhome/hardware/mio16x16ad/pgm/page1.inc
               PrintJunio   0x000e85    program     static /home/walter/Dropbox/Gnu-Monitor/gmhome/hardware/mio16x16ad/pgm/page1.inc
               PrintLunes   0x000e31    program     static /home/walter/Dropbox/Gnu-Monitor/gmhome/hardware/mio16x16ad/pgm/page1.inc
              PrintMartes   0x000e38    program     static /home/walter/Dropbox/Gnu-Monitor/gmhome/hardware/mio16x16ad/pgm/page1.inc
               PrintMarzo   0x000e70    program     static /home/walter/Dropbox/Gnu-Monitor/gmhome/hardware/mio16x16ad/pgm/page1.inc
                PrintMayo   0x000e7e    program     static /home/walter/Dropbox/Gnu-Monitor/gmhome/hardware/mio16x16ad/pgm/page1.inc
                 PrintMes   0x000830    program     static /home/walter/Dropbox/Gnu-Monitor/gmhome/hardware/mio16x16ad/pgm/page1.inc
           PrintMiercoles   0x000e3f    program     static /home/walter/Dropbox/Gnu-Monitor/gmhome/hardware/mio16x16ad/pgm/page1.inc
           PrintNoviembre   0x000ea8    program     static /home/walter/Dropbox/Gnu-Monitor/gmhome/hardware/mio16x16ad/pgm/page1.inc
             PrintOctubre   0x000ea1    program     static /home/walter/Dropbox/Gnu-Monitor/gmhome/hardware/mio16x16ad/pgm/page1.inc
              PrintSabado   0x000e54    program     static /home/walter/Dropbox/Gnu-Monitor/gmhome/hardware/mio16x16ad/pgm/page1.inc
          PrintSeptiembre   0x000e9a    program     static /home/walter/Dropbox/Gnu-Monitor/gmhome/hardware/mio16x16ad/pgm/page1.inc
             PrintViernes   0x000e4d    program     static /home/walter/Dropbox/Gnu-Monitor/gmhome/hardware/mio16x16ad/pgm/page1.inc
               ProcessCmd   0x000270    program     static /home/walter/Dropbox/Gnu-Monitor/gmhome/hardware/mio16x16ad/pgm/fcn.inc
             ProcessCmdOk   0x00027a    program     static /home/walter/Dropbox/Gnu-Monitor/gmhome/hardware/mio16x16ad/pgm/fcn.inc
             ProcessError   0x000306    program     static /home/walter/Dropbox/Gnu-Monitor/gmhome/hardware/mio16x16ad/pgm/fcn.inc
              ProcessResp   0x0002eb    program     static /home/walter/Dropbox/Gnu-Monitor/gmhome/hardware/mio16x16ad/pgm/fcn.inc
                 ReadConf   0x000651    program     static /home/walter/Dropbox/Gnu-Monitor/gmhome/hardware/mio16x16ad/pgm/eefunc.inc
              ReadConfEnd   0x000668    program     static /home/walter/Dropbox/Gnu-Monitor/gmhome/hardware/mio16x16ad/pgm/eefunc.inc
             ReadConfLoop   0x000660    program     static /home/walter/Dropbox/Gnu-Monitor/gmhome/hardware/mio16x16ad/pgm/eefunc.inc
            ReadConfValid   0x00065d    program     static /home/walter/Dropbox/Gnu-Monitor/gmhome/hardware/mio16x16ad/pgm/eefunc.inc
                 ReadEnt1   0x000dab    program     static /home/walter/Dropbox/Gnu-Monitor/gmhome/hardware/mio16x16ad/pgm/page1.inc
              ReadEnt1Bad   0x000dcc    program     static /home/walter/Dropbox/Gnu-Monitor/gmhome/hardware/mio16x16ad/pgm/page1.inc
             ReadEnt1Loop   0x000db2    program     static /home/walter/Dropbox/Gnu-Monitor/gmhome/hardware/mio16x16ad/pgm/page1.inc
               ReadEnt1Ok   0x000dbb    program     static /home/walter/Dropbox/Gnu-Monitor/gmhome/hardware/mio16x16ad/pgm/page1.inc
            ReadEnt1OkFin   0x000dc7    program     static /home/walter/Dropbox/Gnu-Monitor/gmhome/hardware/mio16x16ad/pgm/page1.inc
                 ReadEnt2   0x000dd1    program     static /home/walter/Dropbox/Gnu-Monitor/gmhome/hardware/mio16x16ad/pgm/page1.inc
              ReadEnt2Bad   0x000df3    program     static /home/walter/Dropbox/Gnu-Monitor/gmhome/hardware/mio16x16ad/pgm/page1.inc
             ReadEnt2Loop   0x000dd9    program     static /home/walter/Dropbox/Gnu-Monitor/gmhome/hardware/mio16x16ad/pgm/page1.inc
               ReadEnt2Ok   0x000de2    program     static /home/walter/Dropbox/Gnu-Monitor/gmhome/hardware/mio16x16ad/pgm/page1.inc
            ReadEnt2OkFin   0x000dee    program     static /home/walter/Dropbox/Gnu-Monitor/gmhome/hardware/mio16x16ad/pgm/page1.inc
                ResetCtrl   0x000c70    program     static /home/walter/Dropbox/Gnu-Monitor/gmhome/hardware/mio16x16ad/pgm/page1.inc
                ResetLoop   0x000c75    program     static /home/walter/Dropbox/Gnu-Monitor/gmhome/hardware/mio16x16ad/pgm/page1.inc
              RxAddBuffer   0x000205    program     static /home/walter/Dropbox/Gnu-Monitor/gmhome/hardware/mio16x16ad/pgm/txrx.inc
      RxAddBufferCtrlFull   0x000218    program     static /home/walter/Dropbox/Gnu-Monitor/gmhome/hardware/mio16x16ad/pgm/txrx.inc
       RxAddBufferSetAddr   0x000213    program     static /home/walter/Dropbox/Gnu-Monitor/gmhome/hardware/mio16x16ad/pgm/txrx.inc
        RxAddBufferVuelta   0x000216    program     static /home/walter/Dropbox/Gnu-Monitor/gmhome/hardware/mio16x16ad/pgm/txrx.inc
             RxBuffer2LCD   0x000d6c    program     static /home/walter/Dropbox/Gnu-Monitor/gmhome/hardware/mio16x16ad/pgm/page1.inc
                RxDequeue   0x00021d    program     static /home/walter/Dropbox/Gnu-Monitor/gmhome/hardware/mio16x16ad/pgm/txrx.inc
      RxDequeueCtrlVuelta   0x000266    program     static /home/walter/Dropbox/Gnu-Monitor/gmhome/hardware/mio16x16ad/pgm/txrx.inc
    RxDequeueCtrlVueltaSi   0x00026d    program     static /home/walter/Dropbox/Gnu-Monitor/gmhome/hardware/mio16x16ad/pgm/txrx.inc
             RxDequeueMsg   0x000223    program     static /home/walter/Dropbox/Gnu-Monitor/gmhome/hardware/mio16x16ad/pgm/txrx.inc
                    RxInt   0x0001a8    program     static /home/walter/Dropbox/Gnu-Monitor/gmhome/hardware/mio16x16ad/pgm/txrx.inc
                 RxIntEnd   0x0001bb    program     static /home/walter/Dropbox/Gnu-Monitor/gmhome/hardware/mio16x16ad/pgm/txrx.inc
                 RxIntErr   0x0001b7    program     static /home/walter/Dropbox/Gnu-Monitor/gmhome/hardware/mio16x16ad/pgm/txrx.inc
            RxTimeOutCtrl   0x000992    program     static /home/walter/Dropbox/Gnu-Monitor/gmhome/hardware/mio16x16ad/pgm/page1.inc
               STATUS_Led   0x000781    program     static /home/walter/Dropbox/Gnu-Monitor/gmhome/hardware/mio16x16ad/pgm/mio16x16ad.asm
           STATUS_Led_End   0x000791    program     static /home/walter/Dropbox/Gnu-Monitor/gmhome/hardware/mio16x16ad/pgm/mio16x16ad.asm
          STATUS_Led_HOff   0x00078c    program     static /home/walter/Dropbox/Gnu-Monitor/gmhome/hardware/mio16x16ad/pgm/mio16x16ad.asm
           STATUS_Refresh   0x000781    program     static /home/walter/Dropbox/Gnu-Monitor/gmhome/hardware/mio16x16ad/pgm/mio16x16ad.asm
               SaveEECtrl   0x000b02    program     static /home/walter/Dropbox/Gnu-Monitor/gmhome/hardware/mio16x16ad/pgm/page1.inc
                  Screen0   0x000eb6    program     static /home/walter/Dropbox/Gnu-Monitor/gmhome/hardware/mio16x16ad/pgm/page1.inc
                  Screen1   0x000edc    program     static /home/walter/Dropbox/Gnu-Monitor/gmhome/hardware/mio16x16ad/pgm/page1.inc
             SelectScreen   0x00083d    program     static /home/walter/Dropbox/Gnu-Monitor/gmhome/hardware/mio16x16ad/pgm/page1.inc
               SetBtn0Off   0x000a2f    program     static /home/walter/Dropbox/Gnu-Monitor/gmhome/hardware/mio16x16ad/pgm/page1.inc
                SetBtn0On   0x000a2d    program     static /home/walter/Dropbox/Gnu-Monitor/gmhome/hardware/mio16x16ad/pgm/page1.inc
               SetBtn1Off   0x000a33    program     static /home/walter/Dropbox/Gnu-Monitor/gmhome/hardware/mio16x16ad/pgm/page1.inc
                SetBtn1On   0x000a31    program     static /home/walter/Dropbox/Gnu-Monitor/gmhome/hardware/mio16x16ad/pgm/page1.inc
               SetBtn2Off   0x000a37    program     static /home/walter/Dropbox/Gnu-Monitor/gmhome/hardware/mio16x16ad/pgm/page1.inc
                SetBtn2On   0x000a35    program     static /home/walter/Dropbox/Gnu-Monitor/gmhome/hardware/mio16x16ad/pgm/page1.inc
               SetBtn3Off   0x000a3b    program     static /home/walter/Dropbox/Gnu-Monitor/gmhome/hardware/mio16x16ad/pgm/page1.inc
                SetBtn3On   0x000a39    program     static /home/walter/Dropbox/Gnu-Monitor/gmhome/hardware/mio16x16ad/pgm/page1.inc
               SetBtn4Off   0x000a3f    program     static /home/walter/Dropbox/Gnu-Monitor/gmhome/hardware/mio16x16ad/pgm/page1.inc
                SetBtn4On   0x000a3d    program     static /home/walter/Dropbox/Gnu-Monitor/gmhome/hardware/mio16x16ad/pgm/page1.inc
               SetBtn5Off   0x000a43    program     static /home/walter/Dropbox/Gnu-Monitor/gmhome/hardware/mio16x16ad/pgm/page1.inc
                SetBtn5On   0x000a41    program     static /home/walter/Dropbox/Gnu-Monitor/gmhome/hardware/mio16x16ad/pgm/page1.inc
               SetBtn6Off   0x000a47    program     static /home/walter/Dropbox/Gnu-Monitor/gmhome/hardware/mio16x16ad/pgm/page1.inc
                SetBtn6On   0x000a45    program     static /home/walter/Dropbox/Gnu-Monitor/gmhome/hardware/mio16x16ad/pgm/page1.inc
               SetBtn7Off   0x000a4b    program     static /home/walter/Dropbox/Gnu-Monitor/gmhome/hardware/mio16x16ad/pgm/page1.inc
                SetBtn7On   0x000a49    program     static /home/walter/Dropbox/Gnu-Monitor/gmhome/hardware/mio16x16ad/pgm/page1.inc
                 SetWBitW   0x000065    program     static /home/walter/Dropbox/Gnu-Monitor/gmhome/hardware/mio16x16ad/pgm/mio16x16ad.asm
               Short2Beep   0x0007e5    program     static /home/walter/Dropbox/Gnu-Monitor/gmhome/hardware/mio16x16ad/pgm/mio16x16ad.asm
               Short3Beep   0x0007e7    program     static /home/walter/Dropbox/Gnu-Monitor/gmhome/hardware/mio16x16ad/pgm/mio16x16ad.asm
               Short5Beep   0x0007e9    program     static /home/walter/Dropbox/Gnu-Monitor/gmhome/hardware/mio16x16ad/pgm/mio16x16ad.asm
                ShortBeep   0x0007e3    program     static /home/walter/Dropbox/Gnu-Monitor/gmhome/hardware/mio16x16ad/pgm/mio16x16ad.asm
                StartCtrl   0x000a53    program     static /home/walter/Dropbox/Gnu-Monitor/gmhome/hardware/mio16x16ad/pgm/page1.inc
                 TimerInt   0x000900    program     static /home/walter/Dropbox/Gnu-Monitor/gmhome/hardware/mio16x16ad/pgm/page1.inc
            TxDequeueCtrl   0x000178    program     static /home/walter/Dropbox/Gnu-Monitor/gmhome/hardware/mio16x16ad/pgm/txrx.inc
         TxDequeueCtrlEnd   0x000185    program     static /home/walter/Dropbox/Gnu-Monitor/gmhome/hardware/mio16x16ad/pgm/txrx.inc
          TxDequeueCtrlUp   0x00017f    program     static /home/walter/Dropbox/Gnu-Monitor/gmhome/hardware/mio16x16ad/pgm/txrx.inc
                TxEnqueue   0x000112    program     static /home/walter/Dropbox/Gnu-Monitor/gmhome/hardware/mio16x16ad/pgm/txrx.inc
      TxEnqueueCtrlBuffer   0x000169    program     static /home/walter/Dropbox/Gnu-Monitor/gmhome/hardware/mio16x16ad/pgm/txrx.inc
      TxEnqueueCtrlVuelta   0x00016e    program     static /home/walter/Dropbox/Gnu-Monitor/gmhome/hardware/mio16x16ad/pgm/txrx.inc
    TxEnqueueCtrlVueltaSi   0x000175    program     static /home/walter/Dropbox/Gnu-Monitor/gmhome/hardware/mio16x16ad/pgm/txrx.inc
             TxEnqueueEnd   0x00016d    program     static /home/walter/Dropbox/Gnu-Monitor/gmhome/hardware/mio16x16ad/pgm/txrx.inc
                    TxInt   0x000187    program     static /home/walter/Dropbox/Gnu-Monitor/gmhome/hardware/mio16x16ad/pgm/txrx.inc
                TxIntCont   0x000195    program     static /home/walter/Dropbox/Gnu-Monitor/gmhome/hardware/mio16x16ad/pgm/txrx.inc
                 TxIntEnd   0x0001a6    program     static /home/walter/Dropbox/Gnu-Monitor/gmhome/hardware/mio16x16ad/pgm/txrx.inc
         TxIntResetBuffer   0x0001a4    program     static /home/walter/Dropbox/Gnu-Monitor/gmhome/hardware/mio16x16ad/pgm/txrx.inc
             WriteConInit   0x000682    program     static /home/walter/Dropbox/Gnu-Monitor/gmhome/hardware/mio16x16ad/pgm/eefunc.inc
                WriteConf   0x00066b    program     static /home/walter/Dropbox/Gnu-Monitor/gmhome/hardware/mio16x16ad/pgm/eefunc.inc
             WriteConfEnd   0x000698    program     static /home/walter/Dropbox/Gnu-Monitor/gmhome/hardware/mio16x16ad/pgm/eefunc.inc
            WriteConfLoop   0x000685    program     static /home/walter/Dropbox/Gnu-Monitor/gmhome/hardware/mio16x16ad/pgm/eefunc.inc
                WriteSal1   0x000df8    program     static /home/walter/Dropbox/Gnu-Monitor/gmhome/hardware/mio16x16ad/pgm/page1.inc
            WriteSal1Cont   0x000e01    program     static /home/walter/Dropbox/Gnu-Monitor/gmhome/hardware/mio16x16ad/pgm/page1.inc
                WriteSal2   0x000e10    program     static /home/walter/Dropbox/Gnu-Monitor/gmhome/hardware/mio16x16ad/pgm/page1.inc
            WriteSal2Cont   0x000e19    program     static /home/walter/Dropbox/Gnu-Monitor/gmhome/hardware/mio16x16ad/pgm/page1.inc
             _.org_1_0A61   0x000a61    program     static /home/walter/Dropbox/Gnu-Monitor/gmhome/hardware/mio16x16ad/pgm/page1.inc
             _.org_1_0A7C   0x000a7c    program     static /home/walter/Dropbox/Gnu-Monitor/gmhome/hardware/mio16x16ad/pgm/page1.inc
             _.org_1_0B25   0x000b25    program     static /home/walter/Dropbox/Gnu-Monitor/gmhome/hardware/mio16x16ad/pgm/page1.inc
             _.org_1_0B34   0x000b34    program     static /home/walter/Dropbox/Gnu-Monitor/gmhome/hardware/mio16x16ad/pgm/page1.inc
             _.org_1_0D1A   0x000d1a    program     static /home/walter/Dropbox/Gnu-Monitor/gmhome/hardware/mio16x16ad/pgm/page1.inc
             _.org_1_0D22   0x000d22    program     static /home/walter/Dropbox/Gnu-Monitor/gmhome/hardware/mio16x16ad/pgm/page1.inc
             _.org_1_0D2A   0x000d2a    program     static /home/walter/Dropbox/Gnu-Monitor/gmhome/hardware/mio16x16ad/pgm/page1.inc
             _.org_3_110E   0x00110e    program     static /home/walter/Dropbox/Gnu-Monitor/gmhome/hardware/mio16x16ad/pgm/page2.inc
             _.org_3_1148   0x001148    program     static /home/walter/Dropbox/Gnu-Monitor/gmhome/hardware/mio16x16ad/pgm/page2.inc
             _.org_3_114E   0x00114e    program     static /home/walter/Dropbox/Gnu-Monitor/gmhome/hardware/mio16x16ad/pgm/page2.inc
             _.org_3_11F4   0x0011f4    program     static /home/walter/Dropbox/Gnu-Monitor/gmhome/hardware/mio16x16ad/pgm/page2.inc
             _.org_3_11FA   0x0011fa    program     static /home/walter/Dropbox/Gnu-Monitor/gmhome/hardware/mio16x16ad/pgm/page2.inc
             _.org_3_1238   0x001238    program     static /home/walter/Dropbox/Gnu-Monitor/gmhome/hardware/mio16x16ad/pgm/page2.inc
             _.org_5_0012   0x000012    program     static /home/walter/Dropbox/Gnu-Monitor/gmhome/hardware/mio16x16ad/pgm/mio16x16ad.asm
             _.org_5_0018   0x000018    program     static /home/walter/Dropbox/Gnu-Monitor/gmhome/hardware/mio16x16ad/pgm/mio16x16ad.asm
             _.org_5_001E   0x00001e    program     static /home/walter/Dropbox/Gnu-Monitor/gmhome/hardware/mio16x16ad/pgm/mio16x16ad.asm
             _.org_6_0559   0x000559    program     static /home/walter/Dropbox/Gnu-Monitor/gmhome/hardware/mio16x16ad/pgm/fcn.inc
             _.org_6_0565   0x000565    program     static /home/walter/Dropbox/Gnu-Monitor/gmhome/hardware/mio16x16ad/pgm/fcn.inc
             _.org_6_0571   0x000571    program     static /home/walter/Dropbox/Gnu-Monitor/gmhome/hardware/mio16x16ad/pgm/fcn.inc
             _.org_6_057D   0x00057d    program     static /home/walter/Dropbox/Gnu-Monitor/gmhome/hardware/mio16x16ad/pgm/fcn.inc
             _.org_6_0589   0x000589    program     static /home/walter/Dropbox/Gnu-Monitor/gmhome/hardware/mio16x16ad/pgm/fcn.inc
             _.org_6_0595   0x000595    program     static /home/walter/Dropbox/Gnu-Monitor/gmhome/hardware/mio16x16ad/pgm/fcn.inc
             _.org_6_05A1   0x0005a1    program     static /home/walter/Dropbox/Gnu-Monitor/gmhome/hardware/mio16x16ad/pgm/fcn.inc
             _.org_6_05AD   0x0005ad    program     static /home/walter/Dropbox/Gnu-Monitor/gmhome/hardware/mio16x16ad/pgm/fcn.inc
             _.org_6_0670   0x000670    program     static /home/walter/Dropbox/Gnu-Monitor/gmhome/hardware/mio16x16ad/pgm/eefunc.inc
             _.org_6_067B   0x00067b    program     static /home/walter/Dropbox/Gnu-Monitor/gmhome/hardware/mio16x16ad/pgm/eefunc.inc
             _.org_6_0686   0x000686    program     static /home/walter/Dropbox/Gnu-Monitor/gmhome/hardware/mio16x16ad/pgm/eefunc.inc
             _.org_6_068F   0x00068f    program     static /home/walter/Dropbox/Gnu-Monitor/gmhome/hardware/mio16x16ad/pgm/eefunc.inc
             _.org_6_075F   0x00075f    program     static /home/walter/Dropbox/Gnu-Monitor/gmhome/hardware/mio16x16ad/pgm/mio16x16ad.asm
             _.org_6_077C   0x00077c    program     static /home/walter/Dropbox/Gnu-Monitor/gmhome/hardware/mio16x16ad/pgm/mio16x16ad.asm
                    pb0s1   0x000a80    program     static /home/walter/Dropbox/Gnu-Monitor/gmhome/hardware/mio16x16ad/pgm/page1.inc
                    pb0s2   0x000ac0    program     static /home/walter/Dropbox/Gnu-Monitor/gmhome/hardware/mio16x16ad/pgm/page1.inc
                    pb1s1   0x000a88    program     static /home/walter/Dropbox/Gnu-Monitor/gmhome/hardware/mio16x16ad/pgm/page1.inc
                    pb1s2   0x000ac8    program     static /home/walter/Dropbox/Gnu-Monitor/gmhome/hardware/mio16x16ad/pgm/page1.inc
                    pb2s1   0x000a90    program     static /home/walter/Dropbox/Gnu-Monitor/gmhome/hardware/mio16x16ad/pgm/page1.inc
                    pb2s2   0x000ad0    program     static /home/walter/Dropbox/Gnu-Monitor/gmhome/hardware/mio16x16ad/pgm/page1.inc
                    pb3s1   0x000a98    program     static /home/walter/Dropbox/Gnu-Monitor/gmhome/hardware/mio16x16ad/pgm/page1.inc
                    pb3s2   0x000ad8    program     static /home/walter/Dropbox/Gnu-Monitor/gmhome/hardware/mio16x16ad/pgm/page1.inc
                    pb4s1   0x000aa0    program     static /home/walter/Dropbox/Gnu-Monitor/gmhome/hardware/mio16x16ad/pgm/page1.inc
                    pb4s2   0x000ae0    program     static /home/walter/Dropbox/Gnu-Monitor/gmhome/hardware/mio16x16ad/pgm/page1.inc
                    pb5s1   0x000aa8    program     static /home/walter/Dropbox/Gnu-Monitor/gmhome/hardware/mio16x16ad/pgm/page1.inc
                    pb5s2   0x000ae8    program     static /home/walter/Dropbox/Gnu-Monitor/gmhome/hardware/mio16x16ad/pgm/page1.inc
                    pb6s1   0x000ab0    program     static /home/walter/Dropbox/Gnu-Monitor/gmhome/hardware/mio16x16ad/pgm/page1.inc
                    pb6s2   0x000af0    program     static /home/walter/Dropbox/Gnu-Monitor/gmhome/hardware/mio16x16ad/pgm/page1.inc
                    pb7s1   0x000ab8    program     static /home/walter/Dropbox/Gnu-Monitor/gmhome/hardware/mio16x16ad/pgm/page1.inc
                    pb7s2   0x000af8    program     static /home/walter/Dropbox/Gnu-Monitor/gmhome/hardware/mio16x16ad/pgm/page1.inc



                              Symbols - Sorted by Address
                     Name    Address   Location    Storage File                     
                ---------  ---------  ---------  --------- ---------                
             _.org_5_0012   0x000012    program     static /home/walter/Dropbox/Gnu-Monitor/gmhome/hardware/mio16x16ad/pgm/mio16x16ad.asm
             _.org_5_0018   0x000018    program     static /home/walter/Dropbox/Gnu-Monitor/gmhome/hardware/mio16x16ad/pgm/mio16x16ad.asm
             _.org_5_001E   0x00001e    program     static /home/walter/Dropbox/Gnu-Monitor/gmhome/hardware/mio16x16ad/pgm/mio16x16ad.asm
                FcnQ3SetB   0x000031    program     static /home/walter/Dropbox/Gnu-Monitor/gmhome/hardware/mio16x16ad/pgm/mio16x16ad.asm
          GetPulseCountS1   0x000053    program     static /home/walter/Dropbox/Gnu-Monitor/gmhome/hardware/mio16x16ad/pgm/mio16x16ad.asm
          GetPulseCountS2   0x00005c    program     static /home/walter/Dropbox/Gnu-Monitor/gmhome/hardware/mio16x16ad/pgm/mio16x16ad.asm
                 SetWBitW   0x000065    program     static /home/walter/Dropbox/Gnu-Monitor/gmhome/hardware/mio16x16ad/pgm/mio16x16ad.asm
                    ClrTx   0x000100    program     static /home/walter/Dropbox/Gnu-Monitor/gmhome/hardware/mio16x16ad/pgm/txrx.inc
                TxEnqueue   0x000112    program     static /home/walter/Dropbox/Gnu-Monitor/gmhome/hardware/mio16x16ad/pgm/txrx.inc
      TxEnqueueCtrlBuffer   0x000169    program     static /home/walter/Dropbox/Gnu-Monitor/gmhome/hardware/mio16x16ad/pgm/txrx.inc
             TxEnqueueEnd   0x00016d    program     static /home/walter/Dropbox/Gnu-Monitor/gmhome/hardware/mio16x16ad/pgm/txrx.inc
      TxEnqueueCtrlVuelta   0x00016e    program     static /home/walter/Dropbox/Gnu-Monitor/gmhome/hardware/mio16x16ad/pgm/txrx.inc
    TxEnqueueCtrlVueltaSi   0x000175    program     static /home/walter/Dropbox/Gnu-Monitor/gmhome/hardware/mio16x16ad/pgm/txrx.inc
            TxDequeueCtrl   0x000178    program     static /home/walter/Dropbox/Gnu-Monitor/gmhome/hardware/mio16x16ad/pgm/txrx.inc
          TxDequeueCtrlUp   0x00017f    program     static /home/walter/Dropbox/Gnu-Monitor/gmhome/hardware/mio16x16ad/pgm/txrx.inc
         TxDequeueCtrlEnd   0x000185    program     static /home/walter/Dropbox/Gnu-Monitor/gmhome/hardware/mio16x16ad/pgm/txrx.inc
                    TxInt   0x000187    program     static /home/walter/Dropbox/Gnu-Monitor/gmhome/hardware/mio16x16ad/pgm/txrx.inc
                TxIntCont   0x000195    program     static /home/walter/Dropbox/Gnu-Monitor/gmhome/hardware/mio16x16ad/pgm/txrx.inc
         TxIntResetBuffer   0x0001a4    program     static /home/walter/Dropbox/Gnu-Monitor/gmhome/hardware/mio16x16ad/pgm/txrx.inc
                 TxIntEnd   0x0001a6    program     static /home/walter/Dropbox/Gnu-Monitor/gmhome/hardware/mio16x16ad/pgm/txrx.inc
                    RxInt   0x0001a8    program     static /home/walter/Dropbox/Gnu-Monitor/gmhome/hardware/mio16x16ad/pgm/txrx.inc
                 RxIntErr   0x0001b7    program     static /home/walter/Dropbox/Gnu-Monitor/gmhome/hardware/mio16x16ad/pgm/txrx.inc
                 RxIntEnd   0x0001bb    program     static /home/walter/Dropbox/Gnu-Monitor/gmhome/hardware/mio16x16ad/pgm/txrx.inc
            ControlRxByte   0x0001bf    program     static /home/walter/Dropbox/Gnu-Monitor/gmhome/hardware/mio16x16ad/pgm/txrx.inc
           ControlRxStart   0x0001cc    program     static /home/walter/Dropbox/Gnu-Monitor/gmhome/hardware/mio16x16ad/pgm/txrx.inc
         ControlRxStartOk   0x0001da    program     static /home/walter/Dropbox/Gnu-Monitor/gmhome/hardware/mio16x16ad/pgm/txrx.inc
               ControlSrc   0x0001df    program     static /home/walter/Dropbox/Gnu-Monitor/gmhome/hardware/mio16x16ad/pgm/txrx.inc
            ControlChkSum   0x0001e5    program     static /home/walter/Dropbox/Gnu-Monitor/gmhome/hardware/mio16x16ad/pgm/txrx.inc
          CheckRxOverflow   0x0001ed    program     static /home/walter/Dropbox/Gnu-Monitor/gmhome/hardware/mio16x16ad/pgm/txrx.inc
                    ClrRx   0x0001f3    program     static /home/walter/Dropbox/Gnu-Monitor/gmhome/hardware/mio16x16ad/pgm/txrx.inc
              RxAddBuffer   0x000205    program     static /home/walter/Dropbox/Gnu-Monitor/gmhome/hardware/mio16x16ad/pgm/txrx.inc
       RxAddBufferSetAddr   0x000213    program     static /home/walter/Dropbox/Gnu-Monitor/gmhome/hardware/mio16x16ad/pgm/txrx.inc
        RxAddBufferVuelta   0x000216    program     static /home/walter/Dropbox/Gnu-Monitor/gmhome/hardware/mio16x16ad/pgm/txrx.inc
      RxAddBufferCtrlFull   0x000218    program     static /home/walter/Dropbox/Gnu-Monitor/gmhome/hardware/mio16x16ad/pgm/txrx.inc
                RxDequeue   0x00021d    program     static /home/walter/Dropbox/Gnu-Monitor/gmhome/hardware/mio16x16ad/pgm/txrx.inc
             RxDequeueMsg   0x000223    program     static /home/walter/Dropbox/Gnu-Monitor/gmhome/hardware/mio16x16ad/pgm/txrx.inc
      RxDequeueCtrlVuelta   0x000266    program     static /home/walter/Dropbox/Gnu-Monitor/gmhome/hardware/mio16x16ad/pgm/txrx.inc
    RxDequeueCtrlVueltaSi   0x00026d    program     static /home/walter/Dropbox/Gnu-Monitor/gmhome/hardware/mio16x16ad/pgm/txrx.inc
               ProcessCmd   0x000270    program     static /home/walter/Dropbox/Gnu-Monitor/gmhome/hardware/mio16x16ad/pgm/fcn.inc
             ProcessCmdOk   0x00027a    program     static /home/walter/Dropbox/Gnu-Monitor/gmhome/hardware/mio16x16ad/pgm/fcn.inc
              ProcessResp   0x0002eb    program     static /home/walter/Dropbox/Gnu-Monitor/gmhome/hardware/mio16x16ad/pgm/fcn.inc
             ProcessError   0x000306    program     static /home/walter/Dropbox/Gnu-Monitor/gmhome/hardware/mio16x16ad/pgm/fcn.inc
                   FcnQOk   0x00030d    program     static /home/walter/Dropbox/Gnu-Monitor/gmhome/hardware/mio16x16ad/pgm/fcn.inc
                FcnQError   0x00031a    program     static /home/walter/Dropbox/Gnu-Monitor/gmhome/hardware/mio16x16ad/pgm/fcn.inc
                    FcnQP   0x000325    program     static /home/walter/Dropbox/Gnu-Monitor/gmhome/hardware/mio16x16ad/pgm/fcn.inc
                   FcnQP1   0x00032c    program     static /home/walter/Dropbox/Gnu-Monitor/gmhome/hardware/mio16x16ad/pgm/fcn.inc
                    FcnQ3   0x000341    program     static /home/walter/Dropbox/Gnu-Monitor/gmhome/hardware/mio16x16ad/pgm/fcn.inc
                  FcnQ3s1   0x00034e    program     static /home/walter/Dropbox/Gnu-Monitor/gmhome/hardware/mio16x16ad/pgm/fcn.inc
                  FcnQ3s2   0x000352    program     static /home/walter/Dropbox/Gnu-Monitor/gmhome/hardware/mio16x16ad/pgm/fcn.inc
                 FcnQ3Set   0x000355    program     static /home/walter/Dropbox/Gnu-Monitor/gmhome/hardware/mio16x16ad/pgm/fcn.inc
                FcnQ3SetA   0x00036b    program     static /home/walter/Dropbox/Gnu-Monitor/gmhome/hardware/mio16x16ad/pgm/fcn.inc
                    FcnQ4   0x00036f    program     static /home/walter/Dropbox/Gnu-Monitor/gmhome/hardware/mio16x16ad/pgm/fcn.inc
                    FcnQ5   0x000388    program     static /home/walter/Dropbox/Gnu-Monitor/gmhome/hardware/mio16x16ad/pgm/fcn.inc
                  FcnQ5s1   0x00039c    program     static /home/walter/Dropbox/Gnu-Monitor/gmhome/hardware/mio16x16ad/pgm/fcn.inc
                  FcnQ5s2   0x0003a5    program     static /home/walter/Dropbox/Gnu-Monitor/gmhome/hardware/mio16x16ad/pgm/fcn.inc
                 FcnQ5Set   0x0003ad    program     static /home/walter/Dropbox/Gnu-Monitor/gmhome/hardware/mio16x16ad/pgm/fcn.inc
                    FcnQ6   0x0003b3    program     static /home/walter/Dropbox/Gnu-Monitor/gmhome/hardware/mio16x16ad/pgm/fcn.inc
                  FcnQ6e1   0x0003bf    program     static /home/walter/Dropbox/Gnu-Monitor/gmhome/hardware/mio16x16ad/pgm/fcn.inc
                  FcnQ6e2   0x0003c8    program     static /home/walter/Dropbox/Gnu-Monitor/gmhome/hardware/mio16x16ad/pgm/fcn.inc
                    FcnQ7   0x0003d1    program     static /home/walter/Dropbox/Gnu-Monitor/gmhome/hardware/mio16x16ad/pgm/fcn.inc
                  FcnQ7s1   0x0003dd    program     static /home/walter/Dropbox/Gnu-Monitor/gmhome/hardware/mio16x16ad/pgm/fcn.inc
                  FcnQ7s2   0x0003e8    program     static /home/walter/Dropbox/Gnu-Monitor/gmhome/hardware/mio16x16ad/pgm/fcn.inc
                    FcnQ8   0x0003f3    program     static /home/walter/Dropbox/Gnu-Monitor/gmhome/hardware/mio16x16ad/pgm/fcn.inc
                  FcnQ8e1   0x000408    program     static /home/walter/Dropbox/Gnu-Monitor/gmhome/hardware/mio16x16ad/pgm/fcn.inc
                  FcnQ8e2   0x00041f    program     static /home/walter/Dropbox/Gnu-Monitor/gmhome/hardware/mio16x16ad/pgm/fcn.inc
                  FcnQ8e3   0x000436    program     static /home/walter/Dropbox/Gnu-Monitor/gmhome/hardware/mio16x16ad/pgm/fcn.inc
                  FcnQ8e4   0x00044d    program     static /home/walter/Dropbox/Gnu-Monitor/gmhome/hardware/mio16x16ad/pgm/fcn.inc
                 FcnQ8Fin   0x000463    program     static /home/walter/Dropbox/Gnu-Monitor/gmhome/hardware/mio16x16ad/pgm/fcn.inc
                    FcnQL   0x00046a    program     static /home/walter/Dropbox/Gnu-Monitor/gmhome/hardware/mio16x16ad/pgm/fcn.inc
                    FcnQT   0x000473    program     static /home/walter/Dropbox/Gnu-Monitor/gmhome/hardware/mio16x16ad/pgm/fcn.inc
                    FcnQR   0x000494    program     static /home/walter/Dropbox/Gnu-Monitor/gmhome/hardware/mio16x16ad/pgm/fcn.inc
                    FcnQI   0x000499    program     static /home/walter/Dropbox/Gnu-Monitor/gmhome/hardware/mio16x16ad/pgm/fcn.inc
                  FcnQIs1   0x0004a6    program     static /home/walter/Dropbox/Gnu-Monitor/gmhome/hardware/mio16x16ad/pgm/fcn.inc
                  FcnQIs2   0x0004aa    program     static /home/walter/Dropbox/Gnu-Monitor/gmhome/hardware/mio16x16ad/pgm/fcn.inc
                FcnQIOper   0x0004ad    program     static /home/walter/Dropbox/Gnu-Monitor/gmhome/hardware/mio16x16ad/pgm/fcn.inc
                    FcnQB   0x0004bb    program     static /home/walter/Dropbox/Gnu-Monitor/gmhome/hardware/mio16x16ad/pgm/fcn.inc
                    FcnQA   0x0004c4    program     static /home/walter/Dropbox/Gnu-Monitor/gmhome/hardware/mio16x16ad/pgm/fcn.inc
                   FcnQA1   0x0004d9    program     static /home/walter/Dropbox/Gnu-Monitor/gmhome/hardware/mio16x16ad/pgm/fcn.inc
                   FcnQA2   0x0004dc    program     static /home/walter/Dropbox/Gnu-Monitor/gmhome/hardware/mio16x16ad/pgm/fcn.inc
                   FcnQA3   0x0004df    program     static /home/walter/Dropbox/Gnu-Monitor/gmhome/hardware/mio16x16ad/pgm/fcn.inc
                   FcnQA4   0x0004e2    program     static /home/walter/Dropbox/Gnu-Monitor/gmhome/hardware/mio16x16ad/pgm/fcn.inc
                 FcnQASet   0x0004e5    program     static /home/walter/Dropbox/Gnu-Monitor/gmhome/hardware/mio16x16ad/pgm/fcn.inc
                    FcnQF   0x0004f3    program     static /home/walter/Dropbox/Gnu-Monitor/gmhome/hardware/mio16x16ad/pgm/fcn.inc
                  FcnQFe1   0x000503    program     static /home/walter/Dropbox/Gnu-Monitor/gmhome/hardware/mio16x16ad/pgm/fcn.inc
                  FcnQFe2   0x000507    program     static /home/walter/Dropbox/Gnu-Monitor/gmhome/hardware/mio16x16ad/pgm/fcn.inc
                  FcnQFeA   0x00050b    program     static /home/walter/Dropbox/Gnu-Monitor/gmhome/hardware/mio16x16ad/pgm/fcn.inc
                 FcnQFEnd   0x00050f    program     static /home/walter/Dropbox/Gnu-Monitor/gmhome/hardware/mio16x16ad/pgm/fcn.inc
                    FcnQO   0x000512    program     static /home/walter/Dropbox/Gnu-Monitor/gmhome/hardware/mio16x16ad/pgm/fcn.inc
                  FcnQOe1   0x00052a    program     static /home/walter/Dropbox/Gnu-Monitor/gmhome/hardware/mio16x16ad/pgm/fcn.inc
                  FcnQOe2   0x00052f    program     static /home/walter/Dropbox/Gnu-Monitor/gmhome/hardware/mio16x16ad/pgm/fcn.inc
                  FcnQOs1   0x000534    program     static /home/walter/Dropbox/Gnu-Monitor/gmhome/hardware/mio16x16ad/pgm/fcn.inc
                  FcnQOs2   0x000539    program     static /home/walter/Dropbox/Gnu-Monitor/gmhome/hardware/mio16x16ad/pgm/fcn.inc
                  FcnQOeA   0x00053e    program     static /home/walter/Dropbox/Gnu-Monitor/gmhome/hardware/mio16x16ad/pgm/fcn.inc
                 FcnQOEnd   0x000543    program     static /home/walter/Dropbox/Gnu-Monitor/gmhome/hardware/mio16x16ad/pgm/fcn.inc
                    FcnQC   0x000546    program     static /home/walter/Dropbox/Gnu-Monitor/gmhome/hardware/mio16x16ad/pgm/fcn.inc
           FcnQC_LongBeep   0x00054e    program     static /home/walter/Dropbox/Gnu-Monitor/gmhome/hardware/mio16x16ad/pgm/fcn.inc
                    FcnQD   0x000550    program     static /home/walter/Dropbox/Gnu-Monitor/gmhome/hardware/mio16x16ad/pgm/fcn.inc
             _.org_6_0559   0x000559    program     static /home/walter/Dropbox/Gnu-Monitor/gmhome/hardware/mio16x16ad/pgm/fcn.inc
                    FcnQE   0x00055c    program     static /home/walter/Dropbox/Gnu-Monitor/gmhome/hardware/mio16x16ad/pgm/fcn.inc
             _.org_6_0565   0x000565    program     static /home/walter/Dropbox/Gnu-Monitor/gmhome/hardware/mio16x16ad/pgm/fcn.inc
                    FcnQG   0x000568    program     static /home/walter/Dropbox/Gnu-Monitor/gmhome/hardware/mio16x16ad/pgm/fcn.inc
             _.org_6_0571   0x000571    program     static /home/walter/Dropbox/Gnu-Monitor/gmhome/hardware/mio16x16ad/pgm/fcn.inc
                    FcnQH   0x000574    program     static /home/walter/Dropbox/Gnu-Monitor/gmhome/hardware/mio16x16ad/pgm/fcn.inc
             _.org_6_057D   0x00057d    program     static /home/walter/Dropbox/Gnu-Monitor/gmhome/hardware/mio16x16ad/pgm/fcn.inc
                    FcnQJ   0x000580    program     static /home/walter/Dropbox/Gnu-Monitor/gmhome/hardware/mio16x16ad/pgm/fcn.inc
             _.org_6_0589   0x000589    program     static /home/walter/Dropbox/Gnu-Monitor/gmhome/hardware/mio16x16ad/pgm/fcn.inc
                    FcnQK   0x00058c    program     static /home/walter/Dropbox/Gnu-Monitor/gmhome/hardware/mio16x16ad/pgm/fcn.inc
             _.org_6_0595   0x000595    program     static /home/walter/Dropbox/Gnu-Monitor/gmhome/hardware/mio16x16ad/pgm/fcn.inc
                    FcnQM   0x000598    program     static /home/walter/Dropbox/Gnu-Monitor/gmhome/hardware/mio16x16ad/pgm/fcn.inc
             _.org_6_05A1   0x0005a1    program     static /home/walter/Dropbox/Gnu-Monitor/gmhome/hardware/mio16x16ad/pgm/fcn.inc
                    FcnQN   0x0005a4    program     static /home/walter/Dropbox/Gnu-Monitor/gmhome/hardware/mio16x16ad/pgm/fcn.inc
             _.org_6_05AD   0x0005ad    program     static /home/walter/Dropbox/Gnu-Monitor/gmhome/hardware/mio16x16ad/pgm/fcn.inc
                    FcnQQ   0x0005b0    program     static /home/walter/Dropbox/Gnu-Monitor/gmhome/hardware/mio16x16ad/pgm/fcn.inc
                    FcnRP   0x0005bb    program     static /home/walter/Dropbox/Gnu-Monitor/gmhome/hardware/mio16x16ad/pgm/fcn.inc
                    FcnR6   0x0005c3    program     static /home/walter/Dropbox/Gnu-Monitor/gmhome/hardware/mio16x16ad/pgm/fcn.inc
                  FcnR6e1   0x0005cc    program     static /home/walter/Dropbox/Gnu-Monitor/gmhome/hardware/mio16x16ad/pgm/fcn.inc
                  FcnR6e2   0x0005d4    program     static /home/walter/Dropbox/Gnu-Monitor/gmhome/hardware/mio16x16ad/pgm/fcn.inc
                    FcnR7   0x0005dc    program     static /home/walter/Dropbox/Gnu-Monitor/gmhome/hardware/mio16x16ad/pgm/fcn.inc
                  FcnR7s1   0x0005e5    program     static /home/walter/Dropbox/Gnu-Monitor/gmhome/hardware/mio16x16ad/pgm/fcn.inc
                  FcnR7s2   0x0005ed    program     static /home/walter/Dropbox/Gnu-Monitor/gmhome/hardware/mio16x16ad/pgm/fcn.inc
                    FcnR9   0x0005f5    program     static /home/walter/Dropbox/Gnu-Monitor/gmhome/hardware/mio16x16ad/pgm/fcn.inc
                  FcnR9a1   0x000606    program     static /home/walter/Dropbox/Gnu-Monitor/gmhome/hardware/mio16x16ad/pgm/fcn.inc
                  FcnR9a2   0x000611    program     static /home/walter/Dropbox/Gnu-Monitor/gmhome/hardware/mio16x16ad/pgm/fcn.inc
                  FcnR9a3   0x00061c    program     static /home/walter/Dropbox/Gnu-Monitor/gmhome/hardware/mio16x16ad/pgm/fcn.inc
                  FcnR9a4   0x000627    program     static /home/walter/Dropbox/Gnu-Monitor/gmhome/hardware/mio16x16ad/pgm/fcn.inc
                    FcnRT   0x000632    program     static /home/walter/Dropbox/Gnu-Monitor/gmhome/hardware/mio16x16ad/pgm/fcn.inc
                 ReadConf   0x000651    program     static /home/walter/Dropbox/Gnu-Monitor/gmhome/hardware/mio16x16ad/pgm/eefunc.inc
            ReadConfValid   0x00065d    program     static /home/walter/Dropbox/Gnu-Monitor/gmhome/hardware/mio16x16ad/pgm/eefunc.inc
             ReadConfLoop   0x000660    program     static /home/walter/Dropbox/Gnu-Monitor/gmhome/hardware/mio16x16ad/pgm/eefunc.inc
              ReadConfEnd   0x000668    program     static /home/walter/Dropbox/Gnu-Monitor/gmhome/hardware/mio16x16ad/pgm/eefunc.inc
                WriteConf   0x00066b    program     static /home/walter/Dropbox/Gnu-Monitor/gmhome/hardware/mio16x16ad/pgm/eefunc.inc
             _.org_6_0670   0x000670    program     static /home/walter/Dropbox/Gnu-Monitor/gmhome/hardware/mio16x16ad/pgm/eefunc.inc
             _.org_6_067B   0x00067b    program     static /home/walter/Dropbox/Gnu-Monitor/gmhome/hardware/mio16x16ad/pgm/eefunc.inc
             WriteConInit   0x000682    program     static /home/walter/Dropbox/Gnu-Monitor/gmhome/hardware/mio16x16ad/pgm/eefunc.inc
            WriteConfLoop   0x000685    program     static /home/walter/Dropbox/Gnu-Monitor/gmhome/hardware/mio16x16ad/pgm/eefunc.inc
             _.org_6_0686   0x000686    program     static /home/walter/Dropbox/Gnu-Monitor/gmhome/hardware/mio16x16ad/pgm/eefunc.inc
             _.org_6_068F   0x00068f    program     static /home/walter/Dropbox/Gnu-Monitor/gmhome/hardware/mio16x16ad/pgm/eefunc.inc
             WriteConfEnd   0x000698    program     static /home/walter/Dropbox/Gnu-Monitor/gmhome/hardware/mio16x16ad/pgm/eefunc.inc
                     Init   0x00069c    program     static /home/walter/Dropbox/Gnu-Monitor/gmhome/hardware/mio16x16ad/pgm/mio16x16ad.asm
             _.org_6_075F   0x00075f    program     static /home/walter/Dropbox/Gnu-Monitor/gmhome/hardware/mio16x16ad/pgm/mio16x16ad.asm
                     Main   0x000762    program     static /home/walter/Dropbox/Gnu-Monitor/gmhome/hardware/mio16x16ad/pgm/mio16x16ad.asm
                 MainLoop   0x000769    program     static /home/walter/Dropbox/Gnu-Monitor/gmhome/hardware/mio16x16ad/pgm/mio16x16ad.asm
             _.org_6_077C   0x00077c    program     static /home/walter/Dropbox/Gnu-Monitor/gmhome/hardware/mio16x16ad/pgm/mio16x16ad.asm
               STATUS_Led   0x000781    program     static /home/walter/Dropbox/Gnu-Monitor/gmhome/hardware/mio16x16ad/pgm/mio16x16ad.asm
           STATUS_Refresh   0x000781    program     static /home/walter/Dropbox/Gnu-Monitor/gmhome/hardware/mio16x16ad/pgm/mio16x16ad.asm
          STATUS_Led_HOff   0x00078c    program     static /home/walter/Dropbox/Gnu-Monitor/gmhome/hardware/mio16x16ad/pgm/mio16x16ad.asm
           STATUS_Led_End   0x000791    program     static /home/walter/Dropbox/Gnu-Monitor/gmhome/hardware/mio16x16ad/pgm/mio16x16ad.asm
                Presencia   0x000792    program     static /home/walter/Dropbox/Gnu-Monitor/gmhome/hardware/mio16x16ad/pgm/mio16x16ad.asm
               CtrlSeguim   0x0007b2    program     static /home/walter/Dropbox/Gnu-Monitor/gmhome/hardware/mio16x16ad/pgm/mio16x16ad.asm
              CtrlSeguim1   0x0007bc    program     static /home/walter/Dropbox/Gnu-Monitor/gmhome/hardware/mio16x16ad/pgm/mio16x16ad.asm
              CtrlSeguim2   0x0007c9    program     static /home/walter/Dropbox/Gnu-Monitor/gmhome/hardware/mio16x16ad/pgm/mio16x16ad.asm
             CtrlSeguimAN   0x0007d6    program     static /home/walter/Dropbox/Gnu-Monitor/gmhome/hardware/mio16x16ad/pgm/mio16x16ad.asm
                ShortBeep   0x0007e3    program     static /home/walter/Dropbox/Gnu-Monitor/gmhome/hardware/mio16x16ad/pgm/mio16x16ad.asm
               Short2Beep   0x0007e5    program     static /home/walter/Dropbox/Gnu-Monitor/gmhome/hardware/mio16x16ad/pgm/mio16x16ad.asm
               Short3Beep   0x0007e7    program     static /home/walter/Dropbox/Gnu-Monitor/gmhome/hardware/mio16x16ad/pgm/mio16x16ad.asm
               Short5Beep   0x0007e9    program     static /home/walter/Dropbox/Gnu-Monitor/gmhome/hardware/mio16x16ad/pgm/mio16x16ad.asm
                  NumBeep   0x0007eb    program     static /home/walter/Dropbox/Gnu-Monitor/gmhome/hardware/mio16x16ad/pgm/mio16x16ad.asm
                 LongBeep   0x0007f4    program     static /home/walter/Dropbox/Gnu-Monitor/gmhome/hardware/mio16x16ad/pgm/mio16x16ad.asm
                  ADCheck   0x000800    program     static /home/walter/Dropbox/Gnu-Monitor/gmhome/hardware/mio16x16ad/pgm/page1.inc
                ADChanTbl   0x000809    program     static /home/walter/Dropbox/Gnu-Monitor/gmhome/hardware/mio16x16ad/pgm/page1.inc
                DEC2ASCII   0x000817    program     static /home/walter/Dropbox/Gnu-Monitor/gmhome/hardware/mio16x16ad/pgm/page1.inc
           PrintDiaSemana   0x000828    program     static /home/walter/Dropbox/Gnu-Monitor/gmhome/hardware/mio16x16ad/pgm/page1.inc
                 PrintMes   0x000830    program     static /home/walter/Dropbox/Gnu-Monitor/gmhome/hardware/mio16x16ad/pgm/page1.inc
             SelectScreen   0x00083d    program     static /home/walter/Dropbox/Gnu-Monitor/gmhome/hardware/mio16x16ad/pgm/page1.inc
                 TimerInt   0x000900    program     static /home/walter/Dropbox/Gnu-Monitor/gmhome/hardware/mio16x16ad/pgm/page1.inc
              DisplayCtrl   0x00091d    program     static /home/walter/Dropbox/Gnu-Monitor/gmhome/hardware/mio16x16ad/pgm/page1.inc
                IRCodeInt   0x000923    program     static /home/walter/Dropbox/Gnu-Monitor/gmhome/hardware/mio16x16ad/pgm/page1.inc
               IRCodeStop   0x000936    program     static /home/walter/Dropbox/Gnu-Monitor/gmhome/hardware/mio16x16ad/pgm/page1.inc
              IRCodeStart   0x000939    program     static /home/walter/Dropbox/Gnu-Monitor/gmhome/hardware/mio16x16ad/pgm/page1.inc
               IRCodeSend   0x00093b    program     static /home/walter/Dropbox/Gnu-Monitor/gmhome/hardware/mio16x16ad/pgm/page1.inc
           IRCodeSendCont   0x00094f    program     static /home/walter/Dropbox/Gnu-Monitor/gmhome/hardware/mio16x16ad/pgm/page1.inc
              IRCodeLoad1   0x000955    program     static /home/walter/Dropbox/Gnu-Monitor/gmhome/hardware/mio16x16ad/pgm/page1.inc
              IRCodeLoad2   0x000959    program     static /home/walter/Dropbox/Gnu-Monitor/gmhome/hardware/mio16x16ad/pgm/page1.inc
              IRCodeLoad3   0x00095d    program     static /home/walter/Dropbox/Gnu-Monitor/gmhome/hardware/mio16x16ad/pgm/page1.inc
              IRCodeLoad4   0x000961    program     static /home/walter/Dropbox/Gnu-Monitor/gmhome/hardware/mio16x16ad/pgm/page1.inc
              IRCodeLoad5   0x000965    program     static /home/walter/Dropbox/Gnu-Monitor/gmhome/hardware/mio16x16ad/pgm/page1.inc
                ExternInt   0x000969    program     static /home/walter/Dropbox/Gnu-Monitor/gmhome/hardware/mio16x16ad/pgm/page1.inc
              ControlBeep   0x00096a    program     static /home/walter/Dropbox/Gnu-Monitor/gmhome/hardware/mio16x16ad/pgm/page1.inc
             ControlBeep2   0x00097a    program     static /home/walter/Dropbox/Gnu-Monitor/gmhome/hardware/mio16x16ad/pgm/page1.inc
            RxTimeOutCtrl   0x000992    program     static /home/walter/Dropbox/Gnu-Monitor/gmhome/hardware/mio16x16ad/pgm/page1.inc
                 CheckBtn   0x00099a    program     static /home/walter/Dropbox/Gnu-Monitor/gmhome/hardware/mio16x16ad/pgm/page1.inc
                     Btn0   0x00099b    program     static /home/walter/Dropbox/Gnu-Monitor/gmhome/hardware/mio16x16ad/pgm/page1.inc
                   Btn0On   0x00099d    program     static /home/walter/Dropbox/Gnu-Monitor/gmhome/hardware/mio16x16ad/pgm/page1.inc
                  Btn0Off   0x0009a7    program     static /home/walter/Dropbox/Gnu-Monitor/gmhome/hardware/mio16x16ad/pgm/page1.inc
                     Btn1   0x0009ad    program     static /home/walter/Dropbox/Gnu-Monitor/gmhome/hardware/mio16x16ad/pgm/page1.inc
                   Btn1On   0x0009af    program     static /home/walter/Dropbox/Gnu-Monitor/gmhome/hardware/mio16x16ad/pgm/page1.inc
                  Btn1Off   0x0009b9    program     static /home/walter/Dropbox/Gnu-Monitor/gmhome/hardware/mio16x16ad/pgm/page1.inc
                     Btn2   0x0009bf    program     static /home/walter/Dropbox/Gnu-Monitor/gmhome/hardware/mio16x16ad/pgm/page1.inc
                   Btn2On   0x0009c1    program     static /home/walter/Dropbox/Gnu-Monitor/gmhome/hardware/mio16x16ad/pgm/page1.inc
                  Btn2Off   0x0009cb    program     static /home/walter/Dropbox/Gnu-Monitor/gmhome/hardware/mio16x16ad/pgm/page1.inc
                     Btn3   0x0009d1    program     static /home/walter/Dropbox/Gnu-Monitor/gmhome/hardware/mio16x16ad/pgm/page1.inc
                   Btn3On   0x0009d3    program     static /home/walter/Dropbox/Gnu-Monitor/gmhome/hardware/mio16x16ad/pgm/page1.inc
                  Btn3Off   0x0009dd    program     static /home/walter/Dropbox/Gnu-Monitor/gmhome/hardware/mio16x16ad/pgm/page1.inc
                     Btn4   0x0009e3    program     static /home/walter/Dropbox/Gnu-Monitor/gmhome/hardware/mio16x16ad/pgm/page1.inc
                   Btn4On   0x0009e5    program     static /home/walter/Dropbox/Gnu-Monitor/gmhome/hardware/mio16x16ad/pgm/page1.inc
                  Btn4Off   0x0009ef    program     static /home/walter/Dropbox/Gnu-Monitor/gmhome/hardware/mio16x16ad/pgm/page1.inc
                     Btn5   0x0009f5    program     static /home/walter/Dropbox/Gnu-Monitor/gmhome/hardware/mio16x16ad/pgm/page1.inc
[...]
                    pb0s2   0x000ac0    program     static /home/walter/Dropbox/Gnu-Monitor/gmhome/hardware/mio16x16ad/pgm/page1.inc
                    pb1s2   0x000ac8    program     static /home/walter/Dropbox/Gnu-Monitor/gmhome/hardware/mio16x16ad/pgm/page1.inc
                    pb2s2   0x000ad0    program     static /home/walter/Dropbox/Gnu-Monitor/gmhome/hardware/mio16x16ad/pgm/page1.inc
                    pb3s2   0x000ad8    program     static /home/walter/Dropbox/Gnu-Monitor/gmhome/hardware/mio16x16ad/pgm/page1.inc
                    pb4s2   0x000ae0    program     static /home/walter/Dropbox/Gnu-Monitor/gmhome/hardware/mio16x16ad/pgm/page1.inc
                    pb5s2   0x000ae8    program     static /home/walter/Dropbox/Gnu-Monitor/gmhome/hardware/mio16x16ad/pgm/page1.inc
                    pb6s2   0x000af0    program     static /home/walter/Dropbox/Gnu-Monitor/gmhome/hardware/mio16x16ad/pgm/page1.inc
                    pb7s2   0x000af8    program     static /home/walter/Dropbox/Gnu-Monitor/gmhome/hardware/mio16x16ad/pgm/page1.inc
           CheckPulseExit   0x000b00    program     static /home/walter/Dropbox/Gnu-Monitor/gmhome/hardware/mio16x16ad/pgm/page1.inc
               SaveEECtrl   0x000b02    program     static /home/walter/Dropbox/Gnu-Monitor/gmhome/hardware/mio16x16ad/pgm/page1.inc
                ClockMant   0x000b09    program     static /home/walter/Dropbox/Gnu-Monitor/gmhome/hardware/mio16x16ad/pgm/page1.inc
            ClockMant_End   0x000b1e    program     static /home/walter/Dropbox/Gnu-Monitor/gmhome/hardware/mio16x16ad/pgm/page1.inc
              GetDateTime   0x000b20    program     static /home/walter/Dropbox/Gnu-Monitor/gmhome/hardware/mio16x16ad/pgm/page1.inc
             _.org_1_0B25   0x000b25    program     static /home/walter/Dropbox/Gnu-Monitor/gmhome/hardware/mio16x16ad/pgm/page1.inc
             _.org_1_0B34   0x000b34    program     static /home/walter/Dropbox/Gnu-Monitor/gmhome/hardware/mio16x16ad/pgm/page1.inc
                 ADEnable   0x000b37    program     static /home/walter/Dropbox/Gnu-Monitor/gmhome/hardware/mio16x16ad/pgm/page1.inc
                  ADChan1   0x000b3f    program     static /home/walter/Dropbox/Gnu-Monitor/gmhome/hardware/mio16x16ad/pgm/page1.inc
                  ADChan2   0x000b4b    program     static /home/walter/Dropbox/Gnu-Monitor/gmhome/hardware/mio16x16ad/pgm/page1.inc
                  ADChan3   0x000b57    program     static /home/walter/Dropbox/Gnu-Monitor/gmhome/hardware/mio16x16ad/pgm/page1.inc
                  ADChan4   0x000b63    program     static /home/walter/Dropbox/Gnu-Monitor/gmhome/hardware/mio16x16ad/pgm/page1.inc
                ADControl   0x000b70    program     static /home/walter/Dropbox/Gnu-Monitor/gmhome/hardware/mio16x16ad/pgm/page1.inc
                  ADCtrl1   0x000b72    program     static /home/walter/Dropbox/Gnu-Monitor/gmhome/hardware/mio16x16ad/pgm/page1.inc
               ADCtrl1_on   0x000b79    program     static /home/walter/Dropbox/Gnu-Monitor/gmhome/hardware/mio16x16ad/pgm/page1.inc
             ADCtrl1_on_l   0x000b81    program     static /home/walter/Dropbox/Gnu-Monitor/gmhome/hardware/mio16x16ad/pgm/page1.inc
              ADCtrl1_off   0x000b8a    program     static /home/walter/Dropbox/Gnu-Monitor/gmhome/hardware/mio16x16ad/pgm/page1.inc
            ADCtrl1_off_l   0x000b93    program     static /home/walter/Dropbox/Gnu-Monitor/gmhome/hardware/mio16x16ad/pgm/page1.inc
           ADCtrl1_on2off   0x000b9c    program     static /home/walter/Dropbox/Gnu-Monitor/gmhome/hardware/mio16x16ad/pgm/page1.inc
           ADCtrl1_off2on   0x000ba7    program     static /home/walter/Dropbox/Gnu-Monitor/gmhome/hardware/mio16x16ad/pgm/page1.inc
                  ADCtrl2   0x000bb1    program     static /home/walter/Dropbox/Gnu-Monitor/gmhome/hardware/mio16x16ad/pgm/page1.inc
               ADCtrl2_on   0x000bb8    program     static /home/walter/Dropbox/Gnu-Monitor/gmhome/hardware/mio16x16ad/pgm/page1.inc
             ADCtrl2_on_1   0x000bc0    program     static /home/walter/Dropbox/Gnu-Monitor/gmhome/hardware/mio16x16ad/pgm/page1.inc
              ADCtrl2_off   0x000bc9    program     static /home/walter/Dropbox/Gnu-Monitor/gmhome/hardware/mio16x16ad/pgm/page1.inc
            ADCtrl2_off_l   0x000bd2    program     static /home/walter/Dropbox/Gnu-Monitor/gmhome/hardware/mio16x16ad/pgm/page1.inc
           ADCtrl2_on2off   0x000bdb    program     static /home/walter/Dropbox/Gnu-Monitor/gmhome/hardware/mio16x16ad/pgm/page1.inc
           ADCtrl2_off2on   0x000be6    program     static /home/walter/Dropbox/Gnu-Monitor/gmhome/hardware/mio16x16ad/pgm/page1.inc
                  ADCtrl3   0x000bf0    program     static /home/walter/Dropbox/Gnu-Monitor/gmhome/hardware/mio16x16ad/pgm/page1.inc
               ADCtrl3_on   0x000bf7    program     static /home/walter/Dropbox/Gnu-Monitor/gmhome/hardware/mio16x16ad/pgm/page1.inc
             ADCtrl3_on_l   0x000bff    program     static /home/walter/Dropbox/Gnu-Monitor/gmhome/hardware/mio16x16ad/pgm/page1.inc
              ADCtrl3_off   0x000c08    program     static /home/walter/Dropbox/Gnu-Monitor/gmhome/hardware/mio16x16ad/pgm/page1.inc
            ADCtrl3_off_l   0x000c11    program     static /home/walter/Dropbox/Gnu-Monitor/gmhome/hardware/mio16x16ad/pgm/page1.inc
           ADCtrl3_on2off   0x000c1a    program     static /home/walter/Dropbox/Gnu-Monitor/gmhome/hardware/mio16x16ad/pgm/page1.inc
           ADCtrl3_off2on   0x000c25    program     static /home/walter/Dropbox/Gnu-Monitor/gmhome/hardware/mio16x16ad/pgm/page1.inc
                  ADCtrl4   0x000c2f    program     static /home/walter/Dropbox/Gnu-Monitor/gmhome/hardware/mio16x16ad/pgm/page1.inc
               ADCtrl4_on   0x000c36    program     static /home/walter/Dropbox/Gnu-Monitor/gmhome/hardware/mio16x16ad/pgm/page1.inc
             ADCtrl4_on_l   0x000c3e    program     static /home/walter/Dropbox/Gnu-Monitor/gmhome/hardware/mio16x16ad/pgm/page1.inc
              ADCtrl4_off   0x000c47    program     static /home/walter/Dropbox/Gnu-Monitor/gmhome/hardware/mio16x16ad/pgm/page1.inc
            ADCtrl4_off_l   0x000c50    program     static /home/walter/Dropbox/Gnu-Monitor/gmhome/hardware/mio16x16ad/pgm/page1.inc
           ADCtrl4_on2off   0x000c59    program     static /home/walter/Dropbox/Gnu-Monitor/gmhome/hardware/mio16x16ad/pgm/page1.inc
           ADCtrl4_off2on   0x000c64    program     static /home/walter/Dropbox/Gnu-Monitor/gmhome/hardware/mio16x16ad/pgm/page1.inc
                ADCtrlFin   0x000c6e    program     static /home/walter/Dropbox/Gnu-Monitor/gmhome/hardware/mio16x16ad/pgm/page1.inc
                ResetCtrl   0x000c70    program     static /home/walter/Dropbox/Gnu-Monitor/gmhome/hardware/mio16x16ad/pgm/page1.inc
                ResetLoop   0x000c75    program     static /home/walter/Dropbox/Gnu-Monitor/gmhome/hardware/mio16x16ad/pgm/page1.inc
               Delay_x5us   0x000c77    program     static /home/walter/Dropbox/Gnu-Monitor/gmhome/hardware/mio16x16ad/pgm/page1.inc
          Delay_x5us_Loop   0x000c78    program     static /home/walter/Dropbox/Gnu-Monitor/gmhome/hardware/mio16x16ad/pgm/page1.inc
                Delay_1ms   0x000c7d    program     static /home/walter/Dropbox/Gnu-Monitor/gmhome/hardware/mio16x16ad/pgm/page1.inc
           Delay_1ms_Loop   0x000c7f    program     static /home/walter/Dropbox/Gnu-Monitor/gmhome/hardware/mio16x16ad/pgm/page1.inc
               Delay_x1ms   0x000c84    program     static /home/walter/Dropbox/Gnu-Monitor/gmhome/hardware/mio16x16ad/pgm/page1.inc
          Delay_x1ms_Loop   0x000c85    program     static /home/walter/Dropbox/Gnu-Monitor/gmhome/hardware/mio16x16ad/pgm/page1.inc
            CLOCK_Refresh   0x000c89    program     static /home/walter/Dropbox/Gnu-Monitor/gmhome/hardware/mio16x16ad/pgm/page1.inc
          DISPLAY_Refresh   0x000cd1    program     static /home/walter/Dropbox/Gnu-Monitor/gmhome/hardware/mio16x16ad/pgm/page1.inc
                    LCD_E   0x000cdd    program     static /home/walter/Dropbox/Gnu-Monitor/gmhome/hardware/mio16x16ad/pgm/page1.inc
                 LCD_BUSY   0x000ce3    program     static /home/walter/Dropbox/Gnu-Monitor/gmhome/hardware/mio16x16ad/pgm/page1.inc
                   L_BUSY   0x000ceb    program     static /home/walter/Dropbox/Gnu-Monitor/gmhome/hardware/mio16x16ad/pgm/page1.inc
           LCD_NO_PRESENT   0x000cf8    program     static /home/walter/Dropbox/Gnu-Monitor/gmhome/hardware/mio16x16ad/pgm/page1.inc
                  LCD_REG   0x000cfa    program     static /home/walter/Dropbox/Gnu-Monitor/gmhome/hardware/mio16x16ad/pgm/page1.inc
                LCD_DATOS   0x000cfe    program     static /home/walter/Dropbox/Gnu-Monitor/gmhome/hardware/mio16x16ad/pgm/page1.inc
                LCD_LINE1   0x000d03    program     static /home/walter/Dropbox/Gnu-Monitor/gmhome/hardware/mio16x16ad/pgm/page1.inc
               LCD_LINE1R   0x000d05    program     static /home/walter/Dropbox/Gnu-Monitor/gmhome/hardware/mio16x16ad/pgm/page1.inc
                LCD_LINE2   0x000d07    program     static /home/walter/Dropbox/Gnu-Monitor/gmhome/hardware/mio16x16ad/pgm/page1.inc
               LCD_LINE2R   0x000d09    program     static /home/walter/Dropbox/Gnu-Monitor/gmhome/hardware/mio16x16ad/pgm/page1.inc
                LCD_LINE3   0x000d0b    program     static /home/walter/Dropbox/Gnu-Monitor/gmhome/hardware/mio16x16ad/pgm/page1.inc
               LCD_LINE3R   0x000d0d    program     static /home/walter/Dropbox/Gnu-Monitor/gmhome/hardware/mio16x16ad/pgm/page1.inc
                LCD_LINE4   0x000d0f    program     static /home/walter/Dropbox/Gnu-Monitor/gmhome/hardware/mio16x16ad/pgm/page1.inc
               LCD_LINE4R   0x000d11    program     static /home/walter/Dropbox/Gnu-Monitor/gmhome/hardware/mio16x16ad/pgm/page1.inc
                  LCD_INI   0x000d13    program     static /home/walter/Dropbox/Gnu-Monitor/gmhome/hardware/mio16x16ad/pgm/page1.inc
             _.org_1_0D1A   0x000d1a    program     static /home/walter/Dropbox/Gnu-Monitor/gmhome/hardware/mio16x16ad/pgm/page1.inc
             _.org_1_0D22   0x000d22    program     static /home/walter/Dropbox/Gnu-Monitor/gmhome/hardware/mio16x16ad/pgm/page1.inc
             _.org_1_0D2A   0x000d2a    program     static /home/walter/Dropbox/Gnu-Monitor/gmhome/hardware/mio16x16ad/pgm/page1.inc
             RxBuffer2LCD   0x000d6c    program     static /home/walter/Dropbox/Gnu-Monitor/gmhome/hardware/mio16x16ad/pgm/page1.inc
                  HEX2DEC   0x000d83    program     static /home/walter/Dropbox/Gnu-Monitor/gmhome/hardware/mio16x16ad/pgm/page1.inc
                HEX2DEC_H   0x000d88    program     static /home/walter/Dropbox/Gnu-Monitor/gmhome/hardware/mio16x16ad/pgm/page1.inc
                HEX2DEC_M   0x000d8f    program     static /home/walter/Dropbox/Gnu-Monitor/gmhome/hardware/mio16x16ad/pgm/page1.inc
                HEX2DEC_L   0x000d96    program     static /home/walter/Dropbox/Gnu-Monitor/gmhome/hardware/mio16x16ad/pgm/page1.inc
               IO_Refresh   0x000d9b    program     static /home/walter/Dropbox/Gnu-Monitor/gmhome/hardware/mio16x16ad/pgm/page1.inc
                 ReadEnt1   0x000dab    program     static /home/walter/Dropbox/Gnu-Monitor/gmhome/hardware/mio16x16ad/pgm/page1.inc
             ReadEnt1Loop   0x000db2    program     static /home/walter/Dropbox/Gnu-Monitor/gmhome/hardware/mio16x16ad/pgm/page1.inc
               ReadEnt1Ok   0x000dbb    program     static /home/walter/Dropbox/Gnu-Monitor/gmhome/hardware/mio16x16ad/pgm/page1.inc
            ReadEnt1OkFin   0x000dc7    program     static /home/walter/Dropbox/Gnu-Monitor/gmhome/hardware/mio16x16ad/pgm/page1.inc
              ReadEnt1Bad   0x000dcc    program     static /home/walter/Dropbox/Gnu-Monitor/gmhome/hardware/mio16x16ad/pgm/page1.inc
                 ReadEnt2   0x000dd1    program     static /home/walter/Dropbox/Gnu-Monitor/gmhome/hardware/mio16x16ad/pgm/page1.inc
             ReadEnt2Loop   0x000dd9    program     static /home/walter/Dropbox/Gnu-Monitor/gmhome/hardware/mio16x16ad/pgm/page1.inc
               ReadEnt2Ok   0x000de2    program     static /home/walter/Dropbox/Gnu-Monitor/gmhome/hardware/mio16x16ad/pgm/page1.inc
            ReadEnt2OkFin   0x000dee    program     static /home/walter/Dropbox/Gnu-Monitor/gmhome/hardware/mio16x16ad/pgm/page1.inc
              ReadEnt2Bad   0x000df3    program     static /home/walter/Dropbox/Gnu-Monitor/gmhome/hardware/mio16x16ad/pgm/page1.inc
                WriteSal1   0x000df8    program     static /home/walter/Dropbox/Gnu-Monitor/gmhome/hardware/mio16x16ad/pgm/page1.inc
            WriteSal1Cont   0x000e01    program     static /home/walter/Dropbox/Gnu-Monitor/gmhome/hardware/mio16x16ad/pgm/page1.inc
                WriteSal2   0x000e10    program     static /home/walter/Dropbox/Gnu-Monitor/gmhome/hardware/mio16x16ad/pgm/page1.inc
            WriteSal2Cont   0x000e19    program     static /home/walter/Dropbox/Gnu-Monitor/gmhome/hardware/mio16x16ad/pgm/page1.inc
           End_IO_Refresh   0x000e28    program     static /home/walter/Dropbox/Gnu-Monitor/gmhome/hardware/mio16x16ad/pgm/page1.inc
               PrintLunes   0x000e31    program     static /home/walter/Dropbox/Gnu-Monitor/gmhome/hardware/mio16x16ad/pgm/page1.inc
              PrintMartes   0x000e38    program     static /home/walter/Dropbox/Gnu-Monitor/gmhome/hardware/mio16x16ad/pgm/page1.inc
           PrintMiercoles   0x000e3f    program     static /home/walter/Dropbox/Gnu-Monitor/gmhome/hardware/mio16x16ad/pgm/page1.inc
              PrintJueves   0x000e46    program     static /home/walter/Dropbox/Gnu-Monitor/gmhome/hardware/mio16x16ad/pgm/page1.inc
             PrintViernes   0x000e4d    program     static /home/walter/Dropbox/Gnu-Monitor/gmhome/hardware/mio16x16ad/pgm/page1.inc
              PrintSabado   0x000e54    program     static /home/walter/Dropbox/Gnu-Monitor/gmhome/hardware/mio16x16ad/pgm/page1.inc
             PrintDomingo   0x000e5b    program     static /home/walter/Dropbox/Gnu-Monitor/gmhome/hardware/mio16x16ad/pgm/page1.inc
               PrintEnero   0x000e62    program     static /home/walter/Dropbox/Gnu-Monitor/gmhome/hardware/mio16x16ad/pgm/page1.inc
             PrintFebrero   0x000e69    program     static /home/walter/Dropbox/Gnu-Monitor/gmhome/hardware/mio16x16ad/pgm/page1.inc
               PrintMarzo   0x000e70    program     static /home/walter/Dropbox/Gnu-Monitor/gmhome/hardware/mio16x16ad/pgm/page1.inc
               PrintAbril   0x000e77    program     static /home/walter/Dropbox/Gnu-Monitor/gmhome/hardware/mio16x16ad/pgm/page1.inc
                PrintMayo   0x000e7e    program     static /home/walter/Dropbox/Gnu-Monitor/gmhome/hardware/mio16x16ad/pgm/page1.inc
               PrintJunio   0x000e85    program     static /home/walter/Dropbox/Gnu-Monitor/gmhome/hardware/mio16x16ad/pgm/page1.inc
               PrintJulio   0x000e8c    program     static /home/walter/Dropbox/Gnu-Monitor/gmhome/hardware/mio16x16ad/pgm/page1.inc
              PrintAgosto   0x000e93    program     static /home/walter/Dropbox/Gnu-Monitor/gmhome/hardware/mio16x16ad/pgm/page1.inc
          PrintSeptiembre   0x000e9a    program     static /home/walter/Dropbox/Gnu-Monitor/gmhome/hardware/mio16x16ad/pgm/page1.inc
             PrintOctubre   0x000ea1    program     static /home/walter/Dropbox/Gnu-Monitor/gmhome/hardware/mio16x16ad/pgm/page1.inc
           PrintNoviembre   0x000ea8    program     static /home/walter/Dropbox/Gnu-Monitor/gmhome/hardware/mio16x16ad/pgm/page1.inc
           PrintDiciembre   0x000eaf    program     static /home/walter/Dropbox/Gnu-Monitor/gmhome/hardware/mio16x16ad/pgm/page1.inc
                  Screen0   0x000eb6    program     static /home/walter/Dropbox/Gnu-Monitor/gmhome/hardware/mio16x16ad/pgm/page1.inc
                  Screen1   0x000edc    program     static /home/walter/Dropbox/Gnu-Monitor/gmhome/hardware/mio16x16ad/pgm/page1.inc
           Notificaciones   0x001100    program     static /home/walter/Dropbox/Gnu-Monitor/gmhome/hardware/mio16x16ad/pgm/page2.inc
           NotificarInput   0x00110b    program     static /home/walter/Dropbox/Gnu-Monitor/gmhome/hardware/mio16x16ad/pgm/page2.inc
             _.org_3_110E   0x00110e    program     static /home/walter/Dropbox/Gnu-Monitor/gmhome/hardware/mio16x16ad/pgm/page2.inc
          NotificarInput1   0x001110    program     static /home/walter/Dropbox/Gnu-Monitor/gmhome/hardware/mio16x16ad/pgm/page2.inc
      NotificarInput1Cont   0x001118    program     static /home/walter/Dropbox/Gnu-Monitor/gmhome/hardware/mio16x16ad/pgm/page2.inc
          NotificarInput2   0x001126    program     static /home/walter/Dropbox/Gnu-Monitor/gmhome/hardware/mio16x16ad/pgm/page2.inc
      NotificarInput2Cont   0x00112e    program     static /home/walter/Dropbox/Gnu-Monitor/gmhome/hardware/mio16x16ad/pgm/page2.inc
        NotificarInputFin   0x00113b    program     static /home/walter/Dropbox/Gnu-Monitor/gmhome/hardware/mio16x16ad/pgm/page2.inc
             _.org_3_1148   0x001148    program     static /home/walter/Dropbox/Gnu-Monitor/gmhome/hardware/mio16x16ad/pgm/page2.inc
          NotificarAnalog   0x00114b    program     static /home/walter/Dropbox/Gnu-Monitor/gmhome/hardware/mio16x16ad/pgm/page2.inc
             _.org_3_114E   0x00114e    program     static /home/walter/Dropbox/Gnu-Monitor/gmhome/hardware/mio16x16ad/pgm/page2.inc
         NotificarAnalog1   0x001151    program     static /home/walter/Dropbox/Gnu-Monitor/gmhome/hardware/mio16x16ad/pgm/page2.inc
     NotificarAnalog1Cont   0x001159    program     static /home/walter/Dropbox/Gnu-Monitor/gmhome/hardware/mio16x16ad/pgm/page2.inc
         NotificarAnalog2   0x001175    program     static /home/walter/Dropbox/Gnu-Monitor/gmhome/hardware/mio16x16ad/pgm/page2.inc
     NotificarAnalog2Cont   0x00117d    program     static /home/walter/Dropbox/Gnu-Monitor/gmhome/hardware/mio16x16ad/pgm/page2.inc
         NotificarAnalog3   0x001199    program     static /home/walter/Dropbox/Gnu-Monitor/gmhome/hardware/mio16x16ad/pgm/page2.inc
     NotificarAnalog3Cont   0x0011a1    program     static /home/walter/Dropbox/Gnu-Monitor/gmhome/hardware/mio16x16ad/pgm/page2.inc
         NotificarAnalog4   0x0011bd    program     static /home/walter/Dropbox/Gnu-Monitor/gmhome/hardware/mio16x16ad/pgm/page2.inc
     NotificarAnalog4Cont   0x0011c5    program     static /home/walter/Dropbox/Gnu-Monitor/gmhome/hardware/mio16x16ad/pgm/page2.inc
       NotificarAnalogFin   0x0011e1    program     static /home/walter/Dropbox/Gnu-Monitor/gmhome/hardware/mio16x16ad/pgm/page2.inc
             _.org_3_11F4   0x0011f4    program     static /home/walter/Dropbox/Gnu-Monitor/gmhome/hardware/mio16x16ad/pgm/page2.inc
          NotificarOutput   0x0011f7    program     static /home/walter/Dropbox/Gnu-Monitor/gmhome/hardware/mio16x16ad/pgm/page2.inc
             _.org_3_11FA   0x0011fa    program     static /home/walter/Dropbox/Gnu-Monitor/gmhome/hardware/mio16x16ad/pgm/page2.inc
         NotificarOutput1   0x0011fc    program     static /home/walter/Dropbox/Gnu-Monitor/gmhome/hardware/mio16x16ad/pgm/page2.inc
     NotificarOutput1Cont   0x001204    program     static /home/walter/Dropbox/Gnu-Monitor/gmhome/hardware/mio16x16ad/pgm/page2.inc
         NotificarOutput2   0x001214    program     static /home/walter/Dropbox/Gnu-Monitor/gmhome/hardware/mio16x16ad/pgm/page2.inc
     NotificarOutput2Cont   0x00121c    program     static /home/walter/Dropbox/Gnu-Monitor/gmhome/hardware/mio16x16ad/pgm/page2.inc
       NotificarOutputFin   0x00122b    program     static /home/walter/Dropbox/Gnu-Monitor/gmhome/hardware/mio16x16ad/pgm/page2.inc
             _.org_3_1238   0x001238    program     static /home/walter/Dropbox/Gnu-Monitor/gmhome/hardware/mio16x16ad/pgm/page2.inc


