Microchip MPLAB XC8 Compiler V1.44 ()

Linker command line:

--edf=/opt/microchip/xc8/v1.44/dat/en_msgs.txt -cs \
  -h+dist/default/production/Programa_v2.production.sym \
  --cmf=dist/default/production/Programa_v2.production.cmf -z -Q16F887 \
  -o/tmp/xcXLMGqsh -Mdist/default/production/Programa_v2.production.map -E1 \
  -ver=XC8 -ASTACK=0110h-016fh -pstack=STACK -ACODE=00h-07FFhx4 \
  -ASTRCODE=00h-01FFFh -ASTRING=00h-0FFhx32 -ACONST=00h-0FFhx32 \
  -AENTRY=00h-0FFhx32 -ACOMMON=070h-07Fh -ABANK0=020h-06Fh \
  -ABANK1=0A0h-0EFh -ABANK2=0110h-016Fh -ABANK3=0190h-01EFh \
  -ARAM=020h-06Fh,0A0h-0EFh,0110h-016Fh,0190h-01EFh \
  -AABS1=020h-07Fh,0A0h-0EFh,0110h-016Fh,0190h-01EFh -ASFR0=00h-01Fh \
  -ASFR1=080h-09Fh -ASFR2=0100h-010Fh -ASFR3=0180h-018Fh \
  -preset_vec=00h,intentry=04h,init,end_init -ppowerup=CODE -pcinit=CODE \
  -pfunctab=ENTRY -ACONFIG=02007h-02008h -pconfig=CONFIG -DCONFIG=2 \
  -AIDLOC=02000h-02003h -pidloc=IDLOC -DIDLOC=2 -AEEDATA=00h-0FFh/02100h \
  -peeprom_data=EEDATA -DEEDATA=2 -DCODE=2 -DSTRCODE=2 -DSTRING=2 -DCONST=2 \
  -DENTRY=2 -k /tmp/xcXVDJwl4.obj \
  dist/default/production/Programa_v2.production.obj 

Object code version is 3.11

Machine type is 16F887



                Name                               Link     Load   Length Selector   Space Scale
/tmp/xcXVDJwl4.obj
                end_init                             12       12        3        8       0
                reset_vec                             0        0        3        0       0
                config                             2007     2007        1     400E       0
dist/default/production/Programa_v2.production.obj
                cinit                                15       15       20        8       0
                intentry                              4        4        E        8       0
                text46                             1046     1046       7E     208C       0
                text45                             1CCD     1CCD       10     399A       0
                text44                             1142     1142       80     2284       0
                text43                             1CDD     1CDD       1D     39BA       0
                text42                             1D1B     1D1B       2B     3A36       0
                text41                             1E37     1E37       38     3C6E       0
                text40                             1F31     1F31       63     3E62       0
                text39                             1311     1311       BA     2622       0
                text38                             1E6F     1E6F       3B     3CDE       0
                text37                              D69      D69      297     1AD2       0
                text36                             1C71     1C71        9     38E2       0
                text35                              6E4      6E4      103        8       0
                text34                              7FA      7FA        4        8       0
                text33                             1C7A     1C7A        9     38F4       0
                text32                             1C83     1C83        9     3906       0
                text31                             11C2     11C2       A0     2384       0
                text30                             148B     148B       F3     2916       0
                text29                             1CBF     1CBF        E     397E       0
                text28                              B8E      B8E      1DB     171C       0
                text27                              9F1      9F1      19D     13E2       0
                text26                             1C8C     1C8C        9     3918       0
                text25                              7FF      7FF        1        8       0
                text24                             1D72     1D72       2E     3AE4       0
                text23                              7FE      7FE        1        8       0
                text22                             1EE8     1EE8       49     3DD0       0
                text21                             1004     1004       42     2008       0
                text20                             1262     1262       AF     24C4       0
                text19                             157E     157E      127     2AFC       0
                text18                             1EAA     1EAA       3E     3D54       0
                text17                             1E03     1E03       34     3C06       0
                text16                             1F94     1F94       6C     3F28       0
                text15                             13CB     13CB       C0     2796       0
                text14                             1DD1     1DD1       32     3BA2       0
                text13                              87A      87A      177     10F4       0
                text12                             16A5     16A5      15B     2D4A       0
                text11                             1C95     1C95        9     392A       0
                text10                             1CFA     1CFA       21     39F4       0
                text9                              1D46     1D46       2C     3A8C       0
                text8                              1CA7     1CA7        C     394E       0
                text7                              10C4     10C4       7E     2188       0
                text6                               801      801       79     1002       0
                text5                              1C62     1C62        7     38C4       0
                text4                              1C9E     1C9E        9     393C       0
                text3                              1CB3     1CB3        C     3966       0
                text2                               7E7      7E7       13        8       0
                text1                              1DA0     1DA0       31     3B40       0
                maintext                             35       35      6AF        8       0
                cstackBANK0                          20       20       2F       20       1
                cstackCOMMON                         70       70        A       70       1
                clrtext                            1C69     1C69        8     38D2       0
                bssBANK3                            190      190       3C      190       1
                bssBANK1                             A0       A0       47       A0       1
                bssBANK0                             4F       4F       1D       20       1
                bssCOMMON                            7B       7B        3       70       1
                bitbssCOMMON                        3D0       7A        4       70       1     8
                strings                            1800     1800       35     3000       0
                nvBANK1                              E7       E7        3       A0       1

TOTAL           Name                               Link     Load   Length     Space
        CLASS   STACK          

        CLASS   CODE           
                end_init                             12       12        3         0
                cinit                                15       15       20         0
                intentry                              4        4        E         0
                reset_vec                             0        0        3         0
                text46                             1046     1046       7E         0
                text45                             1CCD     1CCD       10         0
                text44                             1142     1142       80         0
                text43                             1CDD     1CDD       1D         0
                text42                             1D1B     1D1B       2B         0
                text41                             1E37     1E37       38         0
                text40                             1F31     1F31       63         0
                text39                             1311     1311       BA         0
                text38                             1E6F     1E6F       3B         0
                text37                              D69      D69      297         0
                text36                             1C71     1C71        9         0
                text35                              6E4      6E4      103         0
                text34                              7FA      7FA        4         0
                text33                             1C7A     1C7A        9         0
                text32                             1C83     1C83        9         0
                text31                             11C2     11C2       A0         0
                text30                             148B     148B       F3         0
                text29                             1CBF     1CBF        E         0
                text28                              B8E      B8E      1DB         0
                text27                              9F1      9F1      19D         0
                text26                             1C8C     1C8C        9         0
                text25                              7FF      7FF        1         0
                text24                             1D72     1D72       2E         0
                text23                              7FE      7FE        1         0
                text22                             1EE8     1EE8       49         0
                text21                             1004     1004       42         0
                text20                             1262     1262       AF         0
                text19                             157E     157E      127         0
                text18                             1EAA     1EAA       3E         0
                text17                             1E03     1E03       34         0
                text16                             1F94     1F94       6C         0
                text15                             13CB     13CB       C0         0
                text14                             1DD1     1DD1       32         0
                text13                              87A      87A      177         0
                text12                             16A5     16A5      15B         0
                text11                             1C95     1C95        9         0
                text10                             1CFA     1CFA       21         0
                text9                              1D46     1D46       2C         0
                text8                              1CA7     1CA7        C         0
                text7                              10C4     10C4       7E         0
                text6                               801      801       79         0
                text5                              1C62     1C62        7         0
                text4                              1C9E     1C9E        9         0
                text3                              1CB3     1CB3        C         0
                text2                               7E7      7E7       13         0
                text1                              1DA0     1DA0       31         0
                maintext                             35       35      6AF         0
                clrtext                            1C69     1C69        8         0

        CLASS   STRCODE        

        CLASS   STRING         
                strings                            1800     1800       35         0

        CLASS   CONST          

        CLASS   ENTRY          

        CLASS   COMMON         
                cstackCOMMON                         70       70        A         1
                bssCOMMON                            7B       7B        3         1
                bitbssCOMMON                        3D0       7A        4         1

        CLASS   BANK0          
                cstackBANK0                          20       20       2F         1
                bssBANK0                             4F       4F       1D         1

        CLASS   BANK1          
                bssBANK1                             A0       A0       47         1
                nvBANK1                              E7       E7        3         1

        CLASS   BANK2          

        CLASS   BANK3          
                bssBANK3                            190      190       3C         1

        CLASS   RAM            

        CLASS   ABS1           
                abs_s1                               7E       7E        2         1

        CLASS   SFR0           

        CLASS   SFR1           

        CLASS   SFR2           

        CLASS   SFR3           

        CLASS   CONFIG         
                config                             2007     2007        1         0

        CLASS   IDLOC          

        CLASS   EEDATA         



SEGMENTS        Name                           Load    Length   Top    Selector   Space  Class     Delta

                reset_vec                      000000  000003  000003         0       0  CODE        2
                intentry                       000004  0007FC  000800         8       0  CODE        2
                cstackBANK0                    000020  00004C  00006C        20       1  BANK0       1
                cstackCOMMON                   000070  00000E  00007E        70       1  COMMON      1
                bssBANK1                       0000A0  00004A  0000EA        A0       1  BANK1       1
                bssBANK3                       000190  00003C  0001CC       190       1  BANK3       1
                text6                          000801  000079  00087A      1002       0  CODE        2
                text13                         00087A  000177  0009F1      10F4       0  CODE        2
                text27                         0009F1  00019D  000B8E      13E2       0  CODE        2
                text28                         000B8E  0001DB  000D69      171C       0  CODE        2
                text37                         000D69  000297  001000      1AD2       0  CODE        2
                text21                         001004  000042  001046      2008       0  CODE        2
                text46                         001046  00007E  0010C4      208C       0  CODE        2
                text7                          0010C4  00007E  001142      2188       0  CODE        2
                text44                         001142  000080  0011C2      2284       0  CODE        2
                text31                         0011C2  0000A0  001262      2384       0  CODE        2
                text20                         001262  0000AF  001311      24C4       0  CODE        2
                text39                         001311  0000BA  0013CB      2622       0  CODE        2
                text15                         0013CB  0000C0  00148B      2796       0  CODE        2
                text30                         00148B  0000F3  00157E      2916       0  CODE        2
                text19                         00157E  000127  0016A5      2AFC       0  CODE        2
                text12                         0016A5  00015B  001800      2D4A       0  CODE        2
                strings                        001800  000035  001835      3000       0  STRING      2
                text5                          001C62  000007  001C69      38C4       0  CODE        2
                clrtext                        001C69  000008  001C71      38D2       0  CODE        2
                text36                         001C71  000009  001C7A      38E2       0  CODE        2
                text33                         001C7A  000009  001C83      38F4       0  CODE        2
                text32                         001C83  000009  001C8C      3906       0  CODE        2
                text26                         001C8C  000009  001C95      3918       0  CODE        2
                text11                         001C95  000009  001C9E      392A       0  CODE        2
                text4                          001C9E  000009  001CA7      393C       0  CODE        2
                text8                          001CA7  00000C  001CB3      394E       0  CODE        2
                text3                          001CB3  00000C  001CBF      3966       0  CODE        2
                text29                         001CBF  00000E  001CCD      397E       0  CODE        2
                text45                         001CCD  000010  001CDD      399A       0  CODE        2
                text43                         001CDD  00001D  001CFA      39BA       0  CODE        2
                text10                         001CFA  000021  001D1B      39F4       0  CODE        2
                text42                         001D1B  00002B  001D46      3A36       0  CODE        2
                text9                          001D46  00002C  001D72      3A8C       0  CODE        2
                text24                         001D72  00002E  001DA0      3AE4       0  CODE        2
                text1                          001DA0  000031  001DD1      3B40       0  CODE        2
                text14                         001DD1  000032  001E03      3BA2       0  CODE        2
                text17                         001E03  000034  001E37      3C06       0  CODE        2
                text41                         001E37  000038  001E6F      3C6E       0  CODE        2
                text38                         001E6F  00003B  001EAA      3CDE       0  CODE        2
                text18                         001EAA  00003E  001EE8      3D54       0  CODE        2
                text22                         001EE8  000049  001F31      3DD0       0  CODE        2
                text40                         001F31  000063  001F94      3E62       0  CODE        2
                text16                         001F94  00006C  002000      3F28       0  CODE        2
                config                         002007  000001  002008      400E       0  CONFIG      2


UNUSED ADDRESS RANGES

        Name                Unused          Largest block    Delta
        BANK0            006C-006F              4           1
        BANK1            00EA-00EF              6           1
        BANK2            0110-016F             60           1
        BANK3            01CC-01EF             24           1
        CODE             0003-0003              1           2
                         0800-0800              1
                         1000-1003              4
                         1835-1C61            42D
        CONFIG           2008-2008              1           2
        CONST            0003-0003              1           2
                         0800-0800              1
                         1000-1003              4
                         1835-1C61            100
        EEDATA           2100-21FF            100           2
        ENTRY            0003-0003              1           2
                         0800-0800              1
                         1000-1003              4
                         1835-1C61            100
        IDLOC            2000-2003              4           2
        RAM              006C-006F              4           1
                         00EA-00EF              6
                         0110-016F             60
                         01CC-01EF             24
        SFR0             0000-001F             20           1
        SFR1             0080-009F             20           1
        SFR2             0100-010F             10           1
        SFR3             0180-018F             10           1
        STACK            0110-016F             60           1
        STRCODE          0003-0003              1           2
                         0800-0800              1
                         1000-1003              4
                         1835-1C61            42D
        STRING           0003-0003              1           2
                         0800-0800              1
                         1000-1003              4
                         1835-1C61            100

                                  Symbol Table

?___lwdiv                   cstackBANK0  0020
?___lwmod                   cstackBANK0  0020
Beep@count                  cstackBANK0  0026
IOChanges@io                cstackBANK0  0021
IOChanges@rc                cstackBANK0  0022
IOResetChanges@io           cstackBANK0  0022
IOResetChanges@reset        cstackBANK0  0020
LCDGoto@col                 cstackBANK0  0026
LCDGoto@line                cstackBANK0  0027
LCDMsg@columna              cstackBANK0  0028
LCDMsg@linea                cstackBANK0  002C
LCDMsg@msg                  cstackBANK0  0029
LCDSend@aux_byte            cstackBANK0  0025
LCDSend@cmd                 cstackBANK0  0021
LCDSend@data                cstackBANK0  0024
PrintDiaSem@dia             cstackBANK0  0022
PrintDiaSem@str             cstackBANK0  0020
PrintInfoScreen@str         cstackBANK0  0033
PrintMes@mes                cstackBANK0  0022
PrintMes@str                cstackBANK0  0020
SerPutCh@ch                 cstackBANK0  0020
SerReceive@i                cstackBANK0  0023
SerReceive@msg              cstackBANK0  0021
SerReceive@p                cstackBANK0  0022
SerRecv@ch                  cstackCOMMON 0073
SerRecv@i                   cstackCOMMON 0072
SerRecv@sum                 cstackCOMMON 0071
SerSendQ@i                  cstackBANK0  0024
SerSendQ@msg                cstackBANK0  0026
SerSendQ@p                  cstackBANK0  0023
SerSendR@i                  cstackBANK0  0024
SerSendR@msg                cstackBANK0  0026
SerSendR@p                  cstackBANK0  0023
SerialInt@ch                cstackCOMMON 0075
_ADCON0                     (abs)        001F
_ADCON1                     (abs)        009F
_ANSEL                      (abs)        0188
_ANSELH                     (abs)        0189
_BRG16                      (abs)        0C3B
_BRGH                       (abs)        04C2
_Beep                       text42       1D1B
_Beep$518                   cstackBANK0  0022
_Beep$519                   cstackBANK0  0024
_Blink                      bssCOMMON    007D
_CCP1CON                    (abs)        0017
_CCP2CON                    (abs)        001D
_CM1CON0                    (abs)        0107
_CM2CON0                    (abs)        0108
_CM2CON1                    (abs)        0109
_CREN                       (abs)        00C4
_EEADR                      (abs)        010D
_EECON1bits                 (abs)        018C
_EECON2                     (abs)        018D
_EEDATA                     (abs)        010C
_EEIF                       (abs)        006C
_EEPGD                      (abs)        0C67
_GIE                        (abs)        005F
_INTCON                     (abs)        000B
_INTE                       (abs)        005C
_IOCB                       (abs)        0096
_IOChanges                  text41       1E37
_IOControlFinPulso          text35       06E4
_IOInit                     text39       1311
_IOPORT                     bssBANK1     00A0
_IOPORTCONF                 bssBANK3     0190
_IOResetChanges             text38       1E6F
_IOTask                     text36       1C71
_IOTimer                    text34       07FA
_IOUpdateIn                 text37       0D69
_IOUpdateOut                text40       1F31
_InitTimer                  nvBANK1      00E7
_LCDBusInput                text33       1C7A
_LCDBusOutput               text32       1C83
_LCDGoto                    text22       1EE8
_LCDInit                    text30       148B
_LCDMsg                     text21       1004
_LCDSend                    text31       11C2
_LCD_Ok                     bitbssCOMMON 03D0
_LastCntRcv                 nvBANK1      00E8
_LastMsgSend                bssBANK3     01BC
_LoadConfig                 text28       0B8E
_LoadStatus                 text27       09F1
_OERR                       (abs)        00C1
_OPTION_REG                 (abs)        0081
_OnLineFlag                 bitbssCOMMON 03D1
_PEIE                       (abs)        005E
_PORTA                      (abs)        0005
_PORTB                      (abs)        0006
_PORTC                      (abs)        0007
_PORTD                      (abs)        0008
_PORTE                      (abs)        0009
_PauseMsg                   nvBANK1      00E9
_PerifBeepCount             bssBANK1     00E5
_PerifBeepOff               bssBANK1     00E3
_PerifBeepOn                bssBANK1     00E4
_PerifInit                  text26       1C8C
_PerifTask                  text25       07FF
_PerifTimer10ms             text24       1D72
_PerifTimer1s               text23       07FE
_PrintDiaSem                text20       1262
_PrintInfoScreen            text15       13CB
_PrintMes                   text19       157E
_RB1                        (abs)        0031
_RCIE                       (abs)        0465
_RCIF                       (abs)        0065
_RCREG                      (abs)        001A
_RE1                        (abs)        0049
_RebootTimer                bssCOMMON    007C
_RetryMsg                   bssBANK0     0059
_SPBRG                      (abs)        0099
_SPBRGH                     (abs)        009A
_SPEN                       (abs)        00C7
_SYNC                       (abs)        04C4
_SaveConfig                 text13       087A
_SaveConfigTimer            bssBANK0     0058
_SaveStatus                 text12       16A5
_SaveStatusTimer            bssBANK0     0057
_SerAck                     text11       1C95
_SerInit                    text10       1CFA
_SerMsgCount                bssBANK1     00E6
_SerPutCh                   text8        1CA7
_SerReceive                 text9        1D46
_SerRecv                    text46       1046
_SerRxBuffer                bssBANK3     01AC
_SerRxBufferIndex           bssBANK0     0056
_SerSendQ                   text7        10C4
_SerSendR                   text6        0801
_SerTask                    text5        1C62
_SerTimeOut                 text4        1C9E
_SerTimer                   text3        1CB3
_SerTimerCount              bssCOMMON    007B
_SerialInt                  text45       1CCD
_SerialMsg                  bssBANK0     005C
_T0IE                       (abs)        005D
_T0IF                       (abs)        005A
_TRISA                      (abs)        0085
_TRISB                      (abs)        0086
_TRISC                      (abs)        0087
_TRISD                      (abs)        0088
_TRISE                      (abs)        0089
_TRMT                       (abs)        04C1
_TXEN                       (abs)        04C5
_TXREG                      (abs)        0019
_Timer0Int                  text44       1142
_TimerDiv1                  bssBANK0     005B
_TimerDiv2                  bssBANK0     005A
_TimerFlag1                 bitbssCOMMON 03D3
_TimerFlag2                 bitbssCOMMON 03D2
_WPUB                       (abs)        0095
_WR                         (abs)        0C61
_WREN                       (abs)        0C62
__CFG_BOREN$OFF             (abs)        0000
__CFG_CP$OFF                (abs)        0000
__CFG_CPD$OFF               (abs)        0000
__CFG_FOSC$XT               (abs)        0000
__CFG_LVP$OFF               (abs)        0000
__CFG_PWRTE$ON              (abs)        0000
__CFG_WDTE$ON               (abs)        0000
__Habs1                     abs1         0000
__Hbank0                    bank0        0000
__Hbank1                    bank1        0000
__Hbank2                    bank2        0000
__Hbank3                    bank3        0000
__HbitbssCOMMON             bitbssCOMMON 0000
__HbssBANK0                 bssBANK0     0000
__HbssBANK1                 bssBANK1     0000
__HbssBANK3                 bssBANK3     0000
__HbssCOMMON                bssCOMMON    0000
__Hcinit                    cinit        0035
__Hclrtext                  clrtext      0000
__Hcode                     code         0000
__Hcommon                   common       0000
__Hconfig                   config       2008
__HcstackBANK0              cstackBANK0  0000
__HcstackCOMMON             cstackCOMMON 0000
__Heeprom_data              eeprom_data  0000
__Hend_init                 end_init     0015
__Hfunctab                  functab      0000
__Hidloc                    idloc        0000
__Hinit                     init         0012
__Hintentry                 intentry     0012
__Hmaintext                 maintext     0000
__HnvBANK1                  nvBANK1      0000
__Hpowerup                  powerup      0000
__Hram                      ram          0000
__Hreset_vec                reset_vec    0003
__Hsfr0                     sfr0         0000
__Hsfr1                     sfr1         0000
__Hsfr2                     sfr2         0000
__Hsfr3                     sfr3         0000
__Hspace_0                  (abs)        2008
__Hspace_1                  (abs)        03D4
__Hspace_2                  (abs)        0000
__Hspace_3                  (abs)        0000
__Hstack                    stack        0000
__Hstrings                  strings      0000
__Htext                     text         0000
__Labs1                     abs1         0000
__Lbank0                    bank0        0000
__Lbank1                    bank1        0000
__Lbank2                    bank2        0000
__Lbank3                    bank3        0000
__LbitbssCOMMON             bitbssCOMMON 0000
__LbssBANK0                 bssBANK0     0000
__LbssBANK1                 bssBANK1     0000
__LbssBANK3                 bssBANK3     0000
__LbssCOMMON                bssCOMMON    0000
__Lcinit                    cinit        0015
__Lclrtext                  clrtext      0000
__Lcode                     code         0000
__Lcommon                   common       0000
__Lconfig                   config       2007
__LcstackBANK0              cstackBANK0  0000
__LcstackCOMMON             cstackCOMMON 0000
__Leeprom_data              eeprom_data  0000
__Lend_init                 end_init     0012
__Lfunctab                  functab      0000
__Lidloc                    idloc        0000
__Linit                     init         0012
__Lintentry                 intentry     0004
__Lmaintext                 maintext     0000
__LnvBANK1                  nvBANK1      0000
__Lpowerup                  powerup      0000
__Lram                      ram          0000
__Lreset_vec                reset_vec    0000
__Lsfr0                     sfr0         0000
__Lsfr1                     sfr1         0000
__Lsfr2                     sfr2         0000
__Lsfr3                     sfr3         0000
__Lspace_0                  (abs)        0000
__Lspace_1                  (abs)        0000
__Lspace_2                  (abs)        0000
__Lspace_3                  (abs)        0000
__Lstack                    stack        0000
__Lstrings                  strings      0000
__Ltext                     text         0000
__S0                        (abs)        2008
__S1                        (abs)        01CC
__S2                        (abs)        0000
__S3                        (abs)        0000
___bmul                     text2        07E7
___bmul@multiplicand        cstackBANK0  0020
___bmul@multiplier          cstackBANK0  0023
___bmul@product             cstackBANK0  0022
___int_sp                   stack        0000
___latbits                  (abs)        0002
___lwdiv                    text18       1EAA
___lwdiv@counter            cstackBANK0  0027
___lwdiv@dividend           cstackBANK0  0022
___lwdiv@divisor            cstackBANK0  0020
___lwdiv@quotient           cstackBANK0  0025
___lwmod                    text17       1E03
___lwmod@counter            cstackBANK0  0025
___lwmod@dividend           cstackBANK0  0022
___lwmod@divisor            cstackBANK0  0020
___sp                       stack        0000
__end_of_Beep               text42       1D46
__end_of_IOChanges          text41       1E6F
__end_of_IOControlFinPulso  text35       07E7
__end_of_IOInit             text39       13CB
__end_of_IOResetChanges     text38       1EAA
__end_of_IOTask             text36       1C7A
__end_of_IOTimer            text34       07FE
__end_of_IOUpdateIn         text37       1000
__end_of_IOUpdateOut        text40       1F94
__end_of_LCDBusInput        text33       1C83
__end_of_LCDBusOutput       text32       1C8C
__end_of_LCDGoto            text22       1F31
__end_of_LCDInit            text30       157E
__end_of_LCDMsg             text21       1046
__end_of_LCDSend            text31       1262
__end_of_LoadConfig         text28       0D69
__end_of_LoadStatus         text27       0B8E
__end_of_PerifInit          text26       1C95
__end_of_PerifTask          text25       0800
__end_of_PerifTimer10ms     text24       1DA0
__end_of_PerifTimer1s       text23       07FF
__end_of_PrintDiaSem        text20       1311
__end_of_PrintInfoScreen    text15       148B
__end_of_PrintMes           text19       16A5
__end_of_SaveConfig         text13       09F1
__end_of_SaveStatus         text12       1800
__end_of_SerAck             text11       1C9E
__end_of_SerInit            text10       1D1B
__end_of_SerPutCh           text8        1CB3
__end_of_SerReceive         text9        1D72
__end_of_SerRecv            text46       10C4
__end_of_SerSendQ           text7        1142
__end_of_SerSendR           text6        087A
__end_of_SerTask            text5        1C69
__end_of_SerTimeOut         text4        1CA7
__end_of_SerTimer           text3        1CBF
__end_of_SerialInt          text45       1CDD
__end_of_Timer0Int          text44       11C2
__end_of___bmul             text2        07FA
__end_of___lwdiv            text18       1EE8
__end_of___lwmod            text17       1E37
__end_of__initialization    cinit        0031
__end_of__stringtab         strings      1810
__end_of_iEEgetc            text29       1CCD
__end_of_iEEputc            text14       1E03
__end_of_isr                text43       1CFA
__end_of_main               maintext     06E4
__end_of_minipow2           text1        1DD1
__end_of_utoa               text16       2000
__initialization            cinit        0015
__pbitbssCOMMON             bitbssCOMMON 03D0
__pbssBANK0                 bssBANK0     004F
__pbssBANK1                 bssBANK1     00A0
__pbssBANK3                 bssBANK3     0190
__pbssCOMMON                bssCOMMON    007B
__pcstackBANK0              cstackBANK0  0020
__pcstackCOMMON             cstackCOMMON 0070
__pintentry                 intentry     0004
__pmaintext                 maintext     0035
__pnvBANK1                  nvBANK1      00E7
__pstrings                  strings      1800
__ptext1                    text1        1DA0
__ptext10                   text10       1CFA
__ptext11                   text11       1C95
__ptext12                   text12       16A5
__ptext13                   text13       087A
__ptext14                   text14       1DD1
__ptext15                   text15       13CB
__ptext16                   text16       1F94
__ptext17                   text17       1E03
__ptext18                   text18       1EAA
__ptext19                   text19       157E
__ptext2                    text2        07E7
__ptext20                   text20       1262
__ptext21                   text21       1004
__ptext22                   text22       1EE8
__ptext23                   text23       07FE
__ptext24                   text24       1D72
__ptext25                   text25       07FF
__ptext26                   text26       1C8C
__ptext27                   text27       09F1
__ptext28                   text28       0B8E
__ptext29                   text29       1CBF
__ptext3                    text3        1CB3
__ptext30                   text30       148B
__ptext31                   text31       11C2
__ptext32                   text32       1C83
__ptext33                   text33       1C7A
__ptext34                   text34       07FA
__ptext35                   text35       06E4
__ptext36                   text36       1C71
__ptext37                   text37       0D69
__ptext38                   text38       1E6F
__ptext39                   text39       1311
__ptext4                    text4        1C9E
__ptext40                   text40       1F31
__ptext41                   text41       1E37
__ptext42                   text42       1D1B
__ptext43                   text43       1CDD
__ptext44                   text44       1142
__ptext45                   text45       1CCD
__ptext46                   text46       1046
__ptext5                    text5        1C62
__ptext6                    text6        0801
__ptext7                    text7        10C4
__ptext8                    text8        1CA7
__ptext9                    text9        1D46
__size_of_Beep              (abs)        0000
__size_of_IOChanges         (abs)        0000
__size_of_IOControlFinPulso (abs)        0000
__size_of_IOInit            (abs)        0000
__size_of_IOResetChanges    (abs)        0000
__size_of_IOTask            (abs)        0000
__size_of_IOTimer           (abs)        0000
__size_of_IOUpdateIn        (abs)        0000
__size_of_IOUpdateOut       (abs)        0000
__size_of_LCDBusInput       (abs)        0000
__size_of_LCDBusOutput      (abs)        0000
__size_of_LCDGoto           (abs)        0000
__size_of_LCDInit           (abs)        0000
__size_of_LCDMsg            (abs)        0000
__size_of_LCDSend           (abs)        0000
__size_of_LoadConfig        (abs)        0000
__size_of_LoadStatus        (abs)        0000
__size_of_PerifInit         (abs)        0000
__size_of_PerifTask         (abs)        0000
__size_of_PerifTimer10ms    (abs)        0000
__size_of_PerifTimer1s      (abs)        0000
__size_of_PrintDiaSem       (abs)        0000
__size_of_PrintInfoScreen   (abs)        0000
__size_of_PrintMes          (abs)        0000
__size_of_SaveConfig        (abs)        0000
__size_of_SaveStatus        (abs)        0000
__size_of_SerAck            (abs)        0000
__size_of_SerInit           (abs)        0000
__size_of_SerPutCh          (abs)        0000
__size_of_SerReceive        (abs)        0000
__size_of_SerRecv           (abs)        0000
__size_of_SerSendQ          (abs)        0000
__size_of_SerSendR          (abs)        0000
__size_of_SerTask           (abs)        0000
__size_of_SerTimeOut        (abs)        0000
__size_of_SerTimer          (abs)        0000
__size_of_SerialInt         (abs)        0000
__size_of_Timer0Int         (abs)        0000
__size_of___bmul            (abs)        0000
__size_of___lwdiv           (abs)        0000
__size_of___lwmod           (abs)        0000
__size_of_iEEgetc           (abs)        0000
__size_of_iEEputc           (abs)        0000
__size_of_isr               (abs)        0000
__size_of_main              (abs)        0000
__size_of_minipow2          (abs)        0000
__size_of_utoa              (abs)        0000
__stringbase                strings      180F
__stringtab                 strings      1800
_gFechaHora                 bssBANK0     004F
_gWGND_BitCount             bssBANK1     00E0
_gWGND_Data                 bssBANK1     00DC
_gWGND_DataReady            bssBANK1     00E2
_gWGND_TimerCount           bssBANK1     00E1
_iEEgetc                    text29       1CBF
_iEEputc                    text14       1DD1
_isr                        text43       1CDD
_main                       maintext     0035
_main$354                   cstackBANK0  004A
_main$355                   cstackBANK0  004C
_minipow2                   text1        1DA0
_utoa                       text16       1F94
btemp                       (abs)        007E
clear_ram0                  clrtext      1C69
end_of_initialization       cinit        0031
iEEgetc@address             cstackBANK0  0020
iEEputc@INTCON_SAVE         cstackBANK0  0023
iEEputc@address             cstackBANK0  0022
iEEputc@data                cstackBANK0  0020
interrupt_function          intentry     0004
intlevel0                   functab      0000
intlevel1                   functab      0000
intlevel2                   functab      0000
intlevel3                   functab      0000
intlevel4                   functab      0000
intlevel5                   functab      0000
main@i                      cstackBANK0  004E
minipow2@pot                cstackBANK0  0020
reset_vec                   reset_vec    0000
saved_w                     (abs)        007E
stackhi                     (abs)        0000
stacklo                     (abs)        0000
start                       init         0012
start_initialization        cinit        0015
utoa@base                   cstackBANK0  002A
utoa@buf                    cstackBANK0  0030
utoa@c                      cstackBANK0  002F
utoa@v                      cstackBANK0  002D
utoa@val                    cstackBANK0  0028
wtemp0                      (abs)        007E


FUNCTION INFORMATION:

 *************** function _main *****************
 Defined at:
		line 645 in file "main.c"
 Parameters:    Size  Location     Type
		None
 Auto vars:     Size  Location     Type
  i               1   46[BANK0 ] unsigned char 
 Return value:  Size  Location     Type
                  1    wreg      void 
 Registers used:
		wreg, fsr0l, fsr0h, status,2, status,0, btemp+1, pclath, cstack
 Tracked objects:
		On entry : 
		On exit  : 
		Unchanged: 
 Data sizes:     COMMON   BANK0   BANK1   BANK3   BANK2
      Params:         0       0       0       0       0
      Locals:         0       5       0       0       0
      Temps:          0       4       0       0       0
      Totals:         0       9       0       0       0
Total ram usage:        9 bytes
 Hardware stack levels required when called:    8
 This function calls:
		_Beep
		_IOChanges
		_IOInit
		_IOResetChanges
		_IOTask
		_IOTimer
		_LCDInit
		_LCDMsg
		_LoadConfig
		_LoadStatus
		_PerifInit
		_PerifTask
		_PerifTimer10ms
		_PerifTimer1s
		_PrintInfoScreen
		_SaveConfig
		_SaveStatus
		_SerAck
		_SerInit
		_SerReceive
		_SerSendQ
		_SerSendR
		_SerTask
		_SerTimeOut
		_SerTimer
		___bmul
		_minipow2
 This function is called by:
		Startup code after reset
 This function uses a non-reentrant model


 *************** function _minipow2 *****************
 Defined at:
		line 26 in file "minipow.c"
 Parameters:    Size  Location     Type
  pot             1    wreg     unsigned char 
 Auto vars:     Size  Location     Type
  pot             1    0[BANK0 ] unsigned char 
 Return value:  Size  Location     Type
                  1    wreg      unsigned char 
 Registers used:
		wreg, fsr0l, fsr0h, status,2, status,0
 Tracked objects:
		On entry : 
		On exit  : 
		Unchanged: 
 Data sizes:     COMMON   BANK0   BANK1   BANK3   BANK2
      Params:         0       0       0       0       0
      Locals:         0       1       0       0       0
      Temps:          0       0       0       0       0
      Totals:         0       1       0       0       0
Total ram usage:        1 bytes
 Hardware stack levels used:    1
 Hardware stack levels required when called:    3
 This function calls:
		Nothing
 This function is called by:
		_main
 This function uses a non-reentrant model


 *************** function ___bmul *****************
 Defined at:
		line 4 in file "/opt/microchip/xc8/v1.44/sources/common/Umul8.c"
 Parameters:    Size  Location     Type
  multiplier      1    wreg     unsigned char 
  multiplicand    1    0[BANK0 ] unsigned char 
 Auto vars:     Size  Location     Type
  multiplier      1    3[BANK0 ] unsigned char 
  product         1    2[BANK0 ] unsigned char 
 Return value:  Size  Location     Type
                  1    wreg      unsigned char 
 Registers used:
		wreg, status,2, status,0
 Tracked objects:
		On entry : 
		On exit  : 
		Unchanged: 
 Data sizes:     COMMON   BANK0   BANK1   BANK3   BANK2
      Params:         0       1       0       0       0
      Locals:         0       2       0       0       0
      Temps:          0       1       0       0       0
      Totals:         0       4       0       0       0
Total ram usage:        4 bytes
 Hardware stack levels used:    1
 Hardware stack levels required when called:    3
 This function calls:
		Nothing
 This function is called by:
		_main
 This function uses a non-reentrant model


 *************** function _SerTimer *****************
 Defined at:
		line 204 in file "serial.c"
 Parameters:    Size  Location     Type
		None
 Auto vars:     Size  Location     Type
		None
 Return value:  Size  Location     Type
                  1    wreg      void 
 Registers used:
		wreg, status,2, status,0
 Tracked objects:
		On entry : 
		On exit  : 
		Unchanged: 
 Data sizes:     COMMON   BANK0   BANK1   BANK3   BANK2
      Params:         0       0       0       0       0
      Locals:         0       0       0       0       0
      Temps:          0       0       0       0       0
      Totals:         0       0       0       0       0
Total ram usage:        0 bytes
 Hardware stack levels used:    1
 Hardware stack levels required when called:    3
 This function calls:
		Nothing
 This function is called by:
		_main
 This function uses a non-reentrant model


 *************** function _SerTimeOut *****************
 Defined at:
		line 221 in file "serial.c"
 Parameters:    Size  Location     Type
		None
 Auto vars:     Size  Location     Type
		None
 Return value:  Size  Location     Type
                  1    wreg      void 
 Registers used:
		wreg, status,2, status,0
 Tracked objects:
		On entry : 
		On exit  : 
		Unchanged: 
 Data sizes:     COMMON   BANK0   BANK1   BANK3   BANK2
      Params:         0       0       0       0       0
      Locals:         0       0       0       0       0
      Temps:          0       1       0       0       0
      Totals:         0       1       0       0       0
Total ram usage:        1 bytes
 Hardware stack levels used:    1
 Hardware stack levels required when called:    3
 This function calls:
		Nothing
 This function is called by:
		_main
 This function uses a non-reentrant model


 *************** function _SerTask *****************
 Defined at:
		line 194 in file "serial.c"
 Parameters:    Size  Location     Type
		None
 Auto vars:     Size  Location     Type
		None
 Return value:  Size  Location     Type
                  1    wreg      void 
 Registers used:
		None
 Tracked objects:
		On entry : 
		On exit  : 
		Unchanged: 
 Data sizes:     COMMON   BANK0   BANK1   BANK3   BANK2
      Params:         0       0       0       0       0
      Locals:         0       0       0       0       0
      Temps:          0       0       0       0       0
      Totals:         0       0       0       0       0
Total ram usage:        0 bytes
 Hardware stack levels used:    1
 Hardware stack levels required when called:    3
 This function calls:
		Nothing
 This function is called by:
		_main
 This function uses a non-reentrant model


 *************** function _SerSendR *****************
 Defined at:
		line 98 in file "serial.c"
 Parameters:    Size  Location     Type
  msg             1    wreg     PTR struct _serial_msg
		 -> SerialMsg(16), 
 Auto vars:     Size  Location     Type
  msg             1    6[BANK0 ] PTR struct _serial_msg
		 -> SerialMsg(16), 
  i               2    4[BANK0 ] int 
  p               1    3[BANK0 ] PTR unsigned char 
		 -> SerialMsg.xTyp(1), SerialMsg(16), 
 Return value:  Size  Location     Type
                  1    wreg      void 
 Registers used:
		wreg, fsr0l, fsr0h, status,2, status,0, btemp+1, pclath, cstack
 Tracked objects:
		On entry : 
		On exit  : 
		Unchanged: 
 Data sizes:     COMMON   BANK0   BANK1   BANK3   BANK2
      Params:         0       0       0       0       0
      Locals:         0       4       0       0       0
      Temps:          0       2       0       0       0
      Totals:         0       6       0       0       0
Total ram usage:        6 bytes
 Hardware stack levels used:    1
 Hardware stack levels required when called:    4
 This function calls:
		_SerPutCh
 This function is called by:
		_main
 This function uses a non-reentrant model


 *************** function _SerSendQ *****************
 Defined at:
		line 78 in file "serial.c"
 Parameters:    Size  Location     Type
  msg             1    wreg     PTR struct _serial_msg
		 -> LastMsgSend(16), 
 Auto vars:     Size  Location     Type
  msg             1    6[BANK0 ] PTR struct _serial_msg
		 -> LastMsgSend(16), 
  i               2    4[BANK0 ] int 
  p               1    3[BANK0 ] PTR unsigned char 
		 -> LastMsgSend.xTyp(1), LastMsgSend(16), 
 Return value:  Size  Location     Type
                  1    wreg      void 
 Registers used:
		wreg, fsr0l, fsr0h, status,2, status,0, btemp+1, pclath, cstack
 Tracked objects:
		On entry : 
		On exit  : 
		Unchanged: 
 Data sizes:     COMMON   BANK0   BANK1   BANK3   BANK2
      Params:         0       0       0       0       0
      Locals:         0       4       0       0       0
      Temps:          0       2       0       0       0
      Totals:         0       6       0       0       0
Total ram usage:        6 bytes
 Hardware stack levels used:    1
 Hardware stack levels required when called:    4
 This function calls:
		_SerPutCh
 This function is called by:
		_main
 This function uses a non-reentrant model


 *************** function _SerPutCh *****************
 Defined at:
		line 71 in file "serial.c"
 Parameters:    Size  Location     Type
  ch              1    wreg     unsigned char 
 Auto vars:     Size  Location     Type
  ch              1    0[BANK0 ] unsigned char 
 Return value:  Size  Location     Type
                  1    wreg      void 
 Registers used:
		wreg
 Tracked objects:
		On entry : 
		On exit  : 
		Unchanged: 
 Data sizes:     COMMON   BANK0   BANK1   BANK3   BANK2
      Params:         0       0       0       0       0
      Locals:         0       1       0       0       0
      Temps:          0       0       0       0       0
      Totals:         0       1       0       0       0
Total ram usage:        1 bytes
 Hardware stack levels used:    1
 Hardware stack levels required when called:    3
 This function calls:
		Nothing
 This function is called by:
		_SerSendQ
		_SerSendR
 This function uses a non-reentrant model


 *************** function _SerReceive *****************
 Defined at:
		line 117 in file "serial.c"
 Parameters:    Size  Location     Type
  msg             1    wreg     PTR struct _serial_msg
		 -> SerialMsg(16), 
 Auto vars:     Size  Location     Type
  msg             1    1[BANK0 ] PTR struct _serial_msg
		 -> SerialMsg(16), 
  i               1    3[BANK0 ] unsigned char 
  p               1    2[BANK0 ] PTR unsigned char 
		 -> SerialMsg.xTyp(1), SerialMsg(16), 
 Return value:  Size  Location     Type
                  1    wreg      unsigned char 
 Registers used:
		wreg, fsr0l, fsr0h, status,2, status,0
 Tracked objects:
		On entry : 
		On exit  : 
		Unchanged: 
 Data sizes:     COMMON   BANK0   BANK1   BANK3   BANK2
      Params:         0       0       0       0       0
      Locals:         0       3       0       0       0
      Temps:          0       1       0       0       0
      Totals:         0       4       0       0       0
Total ram usage:        4 bytes
 Hardware stack levels used:    1
 Hardware stack levels required when called:    3
 This function calls:
		Nothing
 This function is called by:
		_main
 This function uses a non-reentrant model


 *************** function _SerInit *****************
 Defined at:
		line 43 in file "serial.c"
 Parameters:    Size  Location     Type
		None
 Auto vars:     Size  Location     Type
		None
 Return value:  Size  Location     Type
                  1    wreg      void 
 Registers used:
		wreg, status,2
 Tracked objects:
		On entry : 
		On exit  : 
		Unchanged: 
 Data sizes:     COMMON   BANK0   BANK1   BANK3   BANK2
      Params:         0       0       0       0       0
      Locals:         0       0       0       0       0
      Temps:          0       0       0       0       0
      Totals:         0       0       0       0       0
Total ram usage:        0 bytes
 Hardware stack levels used:    1
 Hardware stack levels required when called:    3
 This function calls:
		Nothing
 This function is called by:
		_main
 This function uses a non-reentrant model


 *************** function _SerAck *****************
 Defined at:
		line 216 in file "serial.c"
 Parameters:    Size  Location     Type
		None
 Auto vars:     Size  Location     Type
		None
 Return value:  Size  Location     Type
                  1    wreg      void 
 Registers used:
		wreg, status,2, status,0
 Tracked objects:
		On entry : 
		On exit  : 
		Unchanged: 
 Data sizes:     COMMON   BANK0   BANK1   BANK3   BANK2
      Params:         0       0       0       0       0
      Locals:         0       0       0       0       0
      Temps:          0       1       0       0       0
      Totals:         0       1       0       0       0
Total ram usage:        1 bytes
 Hardware stack levels used:    1
 Hardware stack levels required when called:    3
 This function calls:
		Nothing
 This function is called by:
		_main
 This function uses a non-reentrant model


 *************** function _SaveStatus *****************
 Defined at:
		line 292 in file "main.c"
 Parameters:    Size  Location     Type
		None
 Auto vars:     Size  Location     Type
		None
 Return value:  Size  Location     Type
                  1    wreg      void 
 Registers used:
		wreg, status,2, status,0, pclath, cstack
 Tracked objects:
		On entry : 
		On exit  : 
		Unchanged: 
 Data sizes:     COMMON   BANK0   BANK1   BANK3   BANK2
      Params:         0       0       0       0       0
      Locals:         0       0       0       0       0
      Temps:          0       1       0       0       0
      Totals:         0       1       0       0       0
Total ram usage:        1 bytes
 Hardware stack levels used:    1
 Hardware stack levels required when called:    4
 This function calls:
		_iEEputc
 This function is called by:
		_main
 This function uses a non-reentrant model


 *************** function _SaveConfig *****************
 Defined at:
		line 192 in file "main.c"
 Parameters:    Size  Location     Type
		None
 Auto vars:     Size  Location     Type
		None
 Return value:  Size  Location     Type
                  1    wreg      void 
 Registers used:
		wreg, status,2, status,0, pclath, cstack
 Tracked objects:
		On entry : 
		On exit  : 
		Unchanged: 
 Data sizes:     COMMON   BANK0   BANK1   BANK3   BANK2
      Params:         0       0       0       0       0
      Locals:         0       0       0       0       0
      Temps:          0       1       0       0       0
      Totals:         0       1       0       0       0
Total ram usage:        1 bytes
 Hardware stack levels used:    1
 Hardware stack levels required when called:    4
 This function calls:
		_iEEputc
 This function is called by:
		_main
 This function uses a non-reentrant model


 *************** function _iEEputc *****************
 Defined at:
		line 27 in file "iee.c"
 Parameters:    Size  Location     Type
  address         1    wreg     unsigned char 
  data            1    0[BANK0 ] unsigned char 
 Auto vars:     Size  Location     Type
  address         1    2[BANK0 ] unsigned char 
  INTCON_SAVE     1    3[BANK0 ] unsigned char 
 Return value:  Size  Location     Type
                  1    wreg      void 
 Registers used:
		wreg, status,2
 Tracked objects:
		On entry : 
		On exit  : 
		Unchanged: 
 Data sizes:     COMMON   BANK0   BANK1   BANK3   BANK2
      Params:         0       1       0       0       0
      Locals:         0       2       0       0       0
      Temps:          0       1       0       0       0
      Totals:         0       4       0       0       0
Total ram usage:        4 bytes
 Hardware stack levels used:    1
 Hardware stack levels required when called:    3
 This function calls:
		Nothing
 This function is called by:
		_SaveConfig
		_SaveStatus
 This function uses a non-reentrant model


 *************** function _PrintInfoScreen *****************
 Defined at:
		line 431 in file "main.c"
 Parameters:    Size  Location     Type
		None
 Auto vars:     Size  Location     Type
  str            19   19[BANK0 ] unsigned char [19]
 Return value:  Size  Location     Type
                  1    wreg      void 
 Registers used:
		wreg, fsr0l, fsr0h, status,2, status,0, btemp+1, pclath, cstack
 Tracked objects:
		On entry : 
		On exit  : 
		Unchanged: 
 Data sizes:     COMMON   BANK0   BANK1   BANK3   BANK2
      Params:         0       0       0       0       0
      Locals:         0      19       0       0       0
      Temps:          0       2       0       0       0
      Totals:         0      21       0       0       0
Total ram usage:       21 bytes
 Hardware stack levels used:    1
 Hardware stack levels required when called:    7
 This function calls:
		_LCDMsg
		_PrintDiaSem
		_PrintMes
		_utoa
 This function is called by:
		_main
 This function uses a non-reentrant model


 *************** function _utoa *****************
 Defined at:
		line 17 in file "/opt/microchip/xc8/v1.44/sources/common/itoa.c"
 Parameters:    Size  Location     Type
  buf             1    wreg     PTR unsigned char 
		 -> PrintInfoScreen@str(19), 
  val             2    8[BANK0 ] unsigned int 
  base            2   10[BANK0 ] int 
 Auto vars:     Size  Location     Type
  buf             1   16[BANK0 ] PTR unsigned char 
		 -> PrintInfoScreen@str(19), 
  v               2   13[BANK0 ] unsigned int 
  c               1   15[BANK0 ] unsigned char 
 Return value:  Size  Location     Type
                  1    wreg      PTR unsigned char 
 Registers used:
		wreg, fsr0l, fsr0h, status,2, status,0, pclath, cstack
 Tracked objects:
		On entry : 
		On exit  : 
		Unchanged: 
 Data sizes:     COMMON   BANK0   BANK1   BANK3   BANK2
      Params:         0       4       0       0       0
      Locals:         0       4       0       0       0
      Temps:          0       1       0       0       0
      Totals:         0       9       0       0       0
Total ram usage:        9 bytes
 Hardware stack levels used:    1
 Hardware stack levels required when called:    4
 This function calls:
		___lwdiv
		___lwmod
 This function is called by:
		_PrintInfoScreen
 This function uses a non-reentrant model


 *************** function ___lwmod *****************
 Defined at:
		line 6 in file "/opt/microchip/xc8/v1.44/sources/common/lwmod.c"
 Parameters:    Size  Location     Type
  divisor         2    0[BANK0 ] unsigned int 
  dividend        2    2[BANK0 ] unsigned int 
 Auto vars:     Size  Location     Type
  counter         1    5[BANK0 ] unsigned char 
 Return value:  Size  Location     Type
                  2    0[BANK0 ] unsigned int 
 Registers used:
		wreg, status,2, status,0
 Tracked objects:
		On entry : 
		On exit  : 
		Unchanged: 
 Data sizes:     COMMON   BANK0   BANK1   BANK3   BANK2
      Params:         0       4       0       0       0
      Locals:         0       1       0       0       0
      Temps:          0       1       0       0       0
      Totals:         0       6       0       0       0
Total ram usage:        6 bytes
 Hardware stack levels used:    1
 Hardware stack levels required when called:    3
 This function calls:
		Nothing
 This function is called by:
		_utoa
 This function uses a non-reentrant model


 *************** function ___lwdiv *****************
 Defined at:
		line 6 in file "/opt/microchip/xc8/v1.44/sources/common/lwdiv.c"
 Parameters:    Size  Location     Type
  divisor         2    0[BANK0 ] unsigned int 
  dividend        2    2[BANK0 ] unsigned int 
 Auto vars:     Size  Location     Type
  quotient        2    5[BANK0 ] unsigned int 
  counter         1    7[BANK0 ] unsigned char 
 Return value:  Size  Location     Type
                  2    0[BANK0 ] unsigned int 
 Registers used:
		wreg, status,2, status,0
 Tracked objects:
		On entry : 
		On exit  : 
		Unchanged: 
 Data sizes:     COMMON   BANK0   BANK1   BANK3   BANK2
      Params:         0       4       0       0       0
      Locals:         0       3       0       0       0
      Temps:          0       1       0       0       0
      Totals:         0       8       0       0       0
Total ram usage:        8 bytes
 Hardware stack levels used:    1
 Hardware stack levels required when called:    3
 This function calls:
		Nothing
 This function is called by:
		_utoa
 This function uses a non-reentrant model


 *************** function _PrintMes *****************
 Defined at:
		line 364 in file "main.c"
 Parameters:    Size  Location     Type
  mes             1    wreg     unsigned char 
  str             1    0[BANK0 ] PTR unsigned char 
		 -> PrintInfoScreen@str(19), 
 Auto vars:     Size  Location     Type
  mes             1    2[BANK0 ] unsigned char 
 Return value:  Size  Location     Type
                  1    wreg      void 
 Registers used:
		wreg, fsr0l, fsr0h, status,2, status,0
 Tracked objects:
		On entry : 
		On exit  : 
		Unchanged: 
 Data sizes:     COMMON   BANK0   BANK1   BANK3   BANK2
      Params:         0       1       0       0       0
      Locals:         0       1       0       0       0
      Temps:          0       1       0       0       0
      Totals:         0       3       0       0       0
Total ram usage:        3 bytes
 Hardware stack levels used:    1
 Hardware stack levels required when called:    3
 This function calls:
		Nothing
 This function is called by:
		_PrintInfoScreen
 This function uses a non-reentrant model


 *************** function _PrintDiaSem *****************
 Defined at:
		line 322 in file "main.c"
 Parameters:    Size  Location     Type
  dia             1    wreg     unsigned char 
  str             1    0[BANK0 ] PTR unsigned char 
		 -> PrintInfoScreen@str(19), 
 Auto vars:     Size  Location     Type
  dia             1    2[BANK0 ] unsigned char 
 Return value:  Size  Location     Type
                  1    wreg      void 
 Registers used:
		wreg, fsr0l, fsr0h, status,2, status,0
 Tracked objects:
		On entry : 
		On exit  : 
		Unchanged: 
 Data sizes:     COMMON   BANK0   BANK1   BANK3   BANK2
      Params:         0       1       0       0       0
      Locals:         0       1       0       0       0
      Temps:          0       1       0       0       0
      Totals:         0       3       0       0       0
Total ram usage:        3 bytes
 Hardware stack levels used:    1
 Hardware stack levels required when called:    3
 This function calls:
		Nothing
 This function is called by:
		_PrintInfoScreen
 This function uses a non-reentrant model


 *************** function _LCDMsg *****************
 Defined at:
		line 140 in file "lcd.c"
 Parameters:    Size  Location     Type
  linea           1    wreg     unsigned char 
  columna         1    8[BANK0 ] unsigned char 
  msg             2    9[BANK0 ] PTR const unsigned char 
		 -> STR_2(19), STR_1(18), SerialMsg.xData(10), SerialMsg(16), 
		 -> PrintInfoScreen@str(19), 
 Auto vars:     Size  Location     Type
  linea           1   12[BANK0 ] unsigned char 
 Return value:  Size  Location     Type
                  1    wreg      void 
 Registers used:
		wreg, fsr0l, fsr0h, status,2, status,0, btemp+1, pclath, cstack
 Tracked objects:
		On entry : 
		On exit  : 
		Unchanged: 
 Data sizes:     COMMON   BANK0   BANK1   BANK3   BANK2
      Params:         0       3       0       0       0
      Locals:         0       1       0       0       0
      Temps:          0       1       0       0       0
      Totals:         0       5       0       0       0
Total ram usage:        5 bytes
 Hardware stack levels used:    1
 Hardware stack levels required when called:    6
 This function calls:
		_LCDGoto
		_LCDSend
 This function is called by:
		_PrintInfoScreen
		_main
 This function uses a non-reentrant model


 *************** function _LCDGoto *****************
 Defined at:
		line 327 in file "lcd.c"
 Parameters:    Size  Location     Type
  line            1    wreg     unsigned char 
  col             1    6[BANK0 ] unsigned char 
 Auto vars:     Size  Location     Type
  line            1    7[BANK0 ] unsigned char 
 Return value:  Size  Location     Type
                  1    wreg      void 
 Registers used:
		wreg, fsr0l, fsr0h, status,2, status,0, pclath, cstack
 Tracked objects:
		On entry : 
		On exit  : 
		Unchanged: 
 Data sizes:     COMMON   BANK0   BANK1   BANK3   BANK2
      Params:         0       1       0       0       0
      Locals:         0       1       0       0       0
      Temps:          0       0       0       0       0
      Totals:         0       2       0       0       0
Total ram usage:        2 bytes
 Hardware stack levels used:    1
 Hardware stack levels required when called:    5
 This function calls:
		_LCDSend
 This function is called by:
		_LCDMsg
 This function uses a non-reentrant model


 *************** function _PerifTimer1s *****************
 Defined at:
		line 74 in file "perif.c"
 Parameters:    Size  Location     Type
		None
 Auto vars:     Size  Location     Type
		None
 Return value:  Size  Location     Type
                  1    wreg      void 
 Registers used:
		None
 Tracked objects:
		On entry : 
		On exit  : 
		Unchanged: 
 Data sizes:     COMMON   BANK0   BANK1   BANK3   BANK2
      Params:         0       0       0       0       0
      Locals:         0       0       0       0       0
      Temps:          0       0       0       0       0
      Totals:         0       0       0       0       0
Total ram usage:        0 bytes
 Hardware stack levels used:    1
 Hardware stack levels required when called:    3
 This function calls:
		Nothing
 This function is called by:
		_main
 This function uses a non-reentrant model


 *************** function _PerifTimer10ms *****************
 Defined at:
		line 46 in file "perif.c"
 Parameters:    Size  Location     Type
		None
 Auto vars:     Size  Location     Type
		None
 Return value:  Size  Location     Type
                  1    wreg      void 
 Registers used:
		wreg, status,2, status,0
 Tracked objects:
		On entry : 
		On exit  : 
		Unchanged: 
 Data sizes:     COMMON   BANK0   BANK1   BANK3   BANK2
      Params:         0       0       0       0       0
      Locals:         0       0       0       0       0
      Temps:          0       1       0       0       0
      Totals:         0       1       0       0       0
Total ram usage:        1 bytes
 Hardware stack levels used:    1
 Hardware stack levels required when called:    3
 This function calls:
		Nothing
 This function is called by:
		_main
 This function uses a non-reentrant model


 *************** function _PerifTask *****************
 Defined at:
		line 41 in file "perif.c"
 Parameters:    Size  Location     Type
		None
 Auto vars:     Size  Location     Type
		None
 Return value:  Size  Location     Type
                  1    wreg      void 
 Registers used:
		None
 Tracked objects:
		On entry : 
		On exit  : 
		Unchanged: 
 Data sizes:     COMMON   BANK0   BANK1   BANK3   BANK2
      Params:         0       0       0       0       0
      Locals:         0       0       0       0       0
      Temps:          0       0       0       0       0
      Totals:         0       0       0       0       0
Total ram usage:        0 bytes
 Hardware stack levels used:    1
 Hardware stack levels required when called:    3
 This function calls:
		Nothing
 This function is called by:
		_main
 This function uses a non-reentrant model


 *************** function _PerifInit *****************
 Defined at:
		line 33 in file "perif.c"
 Parameters:    Size  Location     Type
		None
 Auto vars:     Size  Location     Type
		None
 Return value:  Size  Location     Type
                  1    wreg      void 
 Registers used:
		status,2
 Tracked objects:
		On entry : 
		On exit  : 
		Unchanged: 
 Data sizes:     COMMON   BANK0   BANK1   BANK3   BANK2
      Params:         0       0       0       0       0
      Locals:         0       0       0       0       0
      Temps:          0       0       0       0       0
      Totals:         0       0       0       0       0
Total ram usage:        0 bytes
 Hardware stack levels used:    1
 Hardware stack levels required when called:    3
 This function calls:
		Nothing
 This function is called by:
		_main
 This function uses a non-reentrant model


 *************** function _LoadStatus *****************
 Defined at:
		line 223 in file "main.c"
 Parameters:    Size  Location     Type
		None
 Auto vars:     Size  Location     Type
		None
 Return value:  Size  Location     Type
                  1    wreg      void 
 Registers used:
		wreg, status,2, pclath, cstack
 Tracked objects:
		On entry : 
		On exit  : 
		Unchanged: 
 Data sizes:     COMMON   BANK0   BANK1   BANK3   BANK2
      Params:         0       0       0       0       0
      Locals:         0       0       0       0       0
      Temps:          0       1       0       0       0
      Totals:         0       1       0       0       0
Total ram usage:        1 bytes
 Hardware stack levels used:    1
 Hardware stack levels required when called:    4
 This function calls:
		_iEEgetc
 This function is called by:
		_main
 This function uses a non-reentrant model


 *************** function _LoadConfig *****************
 Defined at:
		line 126 in file "main.c"
 Parameters:    Size  Location     Type
		None
 Auto vars:     Size  Location     Type
		None
 Return value:  Size  Location     Type
                  1    wreg      void 
 Registers used:
		wreg, status,2, pclath, cstack
 Tracked objects:
		On entry : 
		On exit  : 
		Unchanged: 
 Data sizes:     COMMON   BANK0   BANK1   BANK3   BANK2
      Params:         0       0       0       0       0
      Locals:         0       0       0       0       0
      Temps:          0       1       0       0       0
      Totals:         0       1       0       0       0
Total ram usage:        1 bytes
 Hardware stack levels used:    1
 Hardware stack levels required when called:    4
 This function calls:
		_iEEgetc
 This function is called by:
		_main
 This function uses a non-reentrant model


 *************** function _iEEgetc *****************
 Defined at:
		line 61 in file "iee.c"
 Parameters:    Size  Location     Type
  address         1    wreg     unsigned char 
 Auto vars:     Size  Location     Type
  address         1    0[BANK0 ] unsigned char 
 Return value:  Size  Location     Type
                  1    wreg      unsigned char 
 Registers used:
		wreg
 Tracked objects:
		On entry : 
		On exit  : 
		Unchanged: 
 Data sizes:     COMMON   BANK0   BANK1   BANK3   BANK2
      Params:         0       0       0       0       0
      Locals:         0       1       0       0       0
      Temps:          0       0       0       0       0
      Totals:         0       1       0       0       0
Total ram usage:        1 bytes
 Hardware stack levels used:    1
 Hardware stack levels required when called:    3
 This function calls:
		Nothing
 This function is called by:
		_LoadConfig
		_LoadStatus
 This function uses a non-reentrant model


 *************** function _LCDInit *****************
 Defined at:
		line 47 in file "lcd.c"
 Parameters:    Size  Location     Type
		None
 Auto vars:     Size  Location     Type
		None
 Return value:  Size  Location     Type
                  1    wreg      void 
 Registers used:
		wreg, status,2, status,0, pclath, cstack
 Tracked objects:
		On entry : 
		On exit  : 
		Unchanged: 
 Data sizes:     COMMON   BANK0   BANK1   BANK3   BANK2
      Params:         0       0       0       0       0
      Locals:         0       0       0       0       0
      Temps:          0       2       0       0       0
      Totals:         0       2       0       0       0
Total ram usage:        2 bytes
 Hardware stack levels used:    1
 Hardware stack levels required when called:    5
 This function calls:
		_LCDBusInput
		_LCDBusOutput
		_LCDSend
 This function is called by:
		_main
 This function uses a non-reentrant model


 *************** function _LCDSend *****************
 Defined at:
		line 158 in file "lcd.c"
 Parameters:    Size  Location     Type
  data            1    wreg     unsigned char 
  cmd             1    1[BANK0 ] unsigned char 
 Auto vars:     Size  Location     Type
  data            1    4[BANK0 ] unsigned char 
  aux_byte        1    5[BANK0 ] unsigned char 
 Return value:  Size  Location     Type
                  1    wreg      unsigned char 
 Registers used:
		wreg, status,2, status,0, pclath, cstack
 Tracked objects:
		On entry : 
		On exit  : 
		Unchanged: 
 Data sizes:     COMMON   BANK0   BANK1   BANK3   BANK2
      Params:         0       1       0       0       0
      Locals:         0       2       0       0       0
      Temps:          0       2       0       0       0
      Totals:         0       5       0       0       0
Total ram usage:        5 bytes
 Hardware stack levels used:    1
 Hardware stack levels required when called:    4
 This function calls:
		_LCDBusInput
		_LCDBusOutput
 This function is called by:
		_LCDInit
		_LCDMsg
		_LCDGoto
		_LCDClear
 This function uses a non-reentrant model


 *************** function _LCDBusOutput *****************
 Defined at:
		line 364 in file "lcd.c"
 Parameters:    Size  Location     Type
		None
 Auto vars:     Size  Location     Type
		None
 Return value:  Size  Location     Type
                  1    wreg      void 
 Registers used:
		wreg, status,2, status,0
 Tracked objects:
		On entry : 
		On exit  : 
		Unchanged: 
 Data sizes:     COMMON   BANK0   BANK1   BANK3   BANK2
      Params:         0       0       0       0       0
      Locals:         0       0       0       0       0
      Temps:          0       1       0       0       0
      Totals:         0       1       0       0       0
Total ram usage:        1 bytes
 Hardware stack levels used:    1
 Hardware stack levels required when called:    3
 This function calls:
		Nothing
 This function is called by:
		_LCDInit
		_LCDSend
 This function uses a non-reentrant model


 *************** function _LCDBusInput *****************
 Defined at:
		line 348 in file "lcd.c"
 Parameters:    Size  Location     Type
		None
 Auto vars:     Size  Location     Type
		None
 Return value:  Size  Location     Type
                  1    wreg      void 
 Registers used:
		wreg, status,2, status,0
 Tracked objects:
		On entry : 
		On exit  : 
		Unchanged: 
 Data sizes:     COMMON   BANK0   BANK1   BANK3   BANK2
      Params:         0       0       0       0       0
      Locals:         0       0       0       0       0
      Temps:          0       1       0       0       0
      Totals:         0       1       0       0       0
Total ram usage:        1 bytes
 Hardware stack levels used:    1
 Hardware stack levels required when called:    3
 This function calls:
		Nothing
 This function is called by:
		_LCDInit
		_LCDSend
 This function uses a non-reentrant model


 *************** function _IOTimer *****************
 Defined at:
		line 672 in file "ioports.c"
 Parameters:    Size  Location     Type
		None
 Auto vars:     Size  Location     Type
		None
 Return value:  Size  Location     Type
                  1    wreg      void 
 Registers used:
		wreg, status,2, status,0, pclath, cstack
 Tracked objects:
		On entry : 
		On exit  : 
		Unchanged: 
 Data sizes:     COMMON   BANK0   BANK1   BANK3   BANK2
      Params:         0       0       0       0       0
      Locals:         0       0       0       0       0
      Temps:          0       0       0       0       0
      Totals:         0       0       0       0       0
Total ram usage:        0 bytes
 Hardware stack levels used:    1
 Hardware stack levels required when called:    4
 This function calls:
		_IOControlFinPulso
 This function is called by:
		_main
 This function uses a non-reentrant model


 *************** function _IOControlFinPulso *****************
 Defined at:
		line 462 in file "ioports.c"
 Parameters:    Size  Location     Type
		None
 Auto vars:     Size  Location     Type
		None
 Return value:  Size  Location     Type
                  1    wreg      void 
 Registers used:
		wreg, status,2, status,0
 Tracked objects:
		On entry : 
		On exit  : 
		Unchanged: 
 Data sizes:     COMMON   BANK0   BANK1   BANK3   BANK2
      Params:         0       0       0       0       0
      Locals:         0       0       0       0       0
      Temps:          0       1       0       0       0
      Totals:         0       1       0       0       0
Total ram usage:        1 bytes
 Hardware stack levels used:    1
 Hardware stack levels required when called:    3
 This function calls:
		Nothing
 This function is called by:
		_IOTimer
 This function uses a non-reentrant model


 *************** function _IOTask *****************
 Defined at:
		line 666 in file "ioports.c"
 Parameters:    Size  Location     Type
		None
 Auto vars:     Size  Location     Type
		None
 Return value:  Size  Location     Type
                  1    wreg      void 
 Registers used:
		wreg, status,2, status,0, pclath, cstack
 Tracked objects:
		On entry : 
		On exit  : 
		Unchanged: 
 Data sizes:     COMMON   BANK0   BANK1   BANK3   BANK2
      Params:         0       0       0       0       0
      Locals:         0       0       0       0       0
      Temps:          0       0       0       0       0
      Totals:         0       0       0       0       0
Total ram usage:        0 bytes
 Hardware stack levels used:    1
 Hardware stack levels required when called:    4
 This function calls:
		_IOUpdateIn
		_IOUpdateOut
 This function is called by:
		_main
 This function uses a non-reentrant model


 *************** function _IOUpdateIn *****************
 Defined at:
		line 75 in file "ioports.c"
 Parameters:    Size  Location     Type
		None
 Auto vars:     Size  Location     Type
		None
 Return value:  Size  Location     Type
                  1    wreg      void 
 Registers used:
		wreg, status,2, status,0
 Tracked objects:
		On entry : 
		On exit  : 
		Unchanged: 
 Data sizes:     COMMON   BANK0   BANK1   BANK3   BANK2
      Params:         0       0       0       0       0
      Locals:         0       0       0       0       0
      Temps:          0       1       0       0       0
      Totals:         0       1       0       0       0
Total ram usage:        1 bytes
 Hardware stack levels used:    1
 Hardware stack levels required when called:    3
 This function calls:
		Nothing
 This function is called by:
		_IOTask
 This function uses a non-reentrant model


 *************** function _IOResetChanges *****************
 Defined at:
		line 700 in file "ioports.c"
 Parameters:    Size  Location     Type
  io              1    wreg     unsigned char 
  reset           1    0[BANK0 ] unsigned char 
 Auto vars:     Size  Location     Type
  io              1    2[BANK0 ] unsigned char 
 Return value:  Size  Location     Type
                  1    wreg      void 
 Registers used:
		wreg, fsr0l, fsr0h, status,2, status,0
 Tracked objects:
		On entry : 
		On exit  : 
		Unchanged: 
 Data sizes:     COMMON   BANK0   BANK1   BANK3   BANK2
      Params:         0       1       0       0       0
      Locals:         0       1       0       0       0
      Temps:          0       1       0       0       0
      Totals:         0       3       0       0       0
Total ram usage:        3 bytes
 Hardware stack levels used:    1
 Hardware stack levels required when called:    3
 This function calls:
		Nothing
 This function is called by:
		_main
 This function uses a non-reentrant model


 *************** function _IOInit *****************
 Defined at:
		line 612 in file "ioports.c"
 Parameters:    Size  Location     Type
		None
 Auto vars:     Size  Location     Type
		None
 Return value:  Size  Location     Type
                  1    wreg      void 
 Registers used:
		wreg, status,2, status,0, pclath, cstack
 Tracked objects:
		On entry : 
		On exit  : 
		Unchanged: 
 Data sizes:     COMMON   BANK0   BANK1   BANK3   BANK2
      Params:         0       0       0       0       0
      Locals:         0       0       0       0       0
      Temps:          0       1       0       0       0
      Totals:         0       1       0       0       0
Total ram usage:        1 bytes
 Hardware stack levels used:    1
 Hardware stack levels required when called:    4
 This function calls:
		_IOUpdateOut
 This function is called by:
		_main
 This function uses a non-reentrant model


 *************** function _IOUpdateOut *****************
 Defined at:
		line 29 in file "ioports.c"
 Parameters:    Size  Location     Type
		None
 Auto vars:     Size  Location     Type
		None
 Return value:  Size  Location     Type
                  1    wreg      void 
 Registers used:
		wreg, status,2, status,0
 Tracked objects:
		On entry : 
		On exit  : 
		Unchanged: 
 Data sizes:     COMMON   BANK0   BANK1   BANK3   BANK2
      Params:         0       0       0       0       0
      Locals:         0       0       0       0       0
      Temps:          0       1       0       0       0
      Totals:         0       1       0       0       0
Total ram usage:        1 bytes
 Hardware stack levels used:    1
 Hardware stack levels required when called:    3
 This function calls:
		Nothing
 This function is called by:
		_IOInit
		_IOTask
 This function uses a non-reentrant model


 *************** function _IOChanges *****************
 Defined at:
		line 677 in file "ioports.c"
 Parameters:    Size  Location     Type
  io              1    wreg     unsigned char 
 Auto vars:     Size  Location     Type
  io              1    1[BANK0 ] unsigned char 
  rc              1    2[BANK0 ] unsigned char 
 Return value:  Size  Location     Type
                  1    wreg      unsigned char 
 Registers used:
		wreg, fsr0l, fsr0h, status,2, status,0
 Tracked objects:
		On entry : 
		On exit  : 
		Unchanged: 
 Data sizes:     COMMON   BANK0   BANK1   BANK3   BANK2
      Params:         0       0       0       0       0
      Locals:         0       2       0       0       0
      Temps:          0       1       0       0       0
      Totals:         0       3       0       0       0
Total ram usage:        3 bytes
 Hardware stack levels used:    1
 Hardware stack levels required when called:    3
 This function calls:
		Nothing
 This function is called by:
		_main
 This function uses a non-reentrant model


 *************** function _Beep *****************
 Defined at:
		line 79 in file "perif.c"
 Parameters:    Size  Location     Type
  count           1    wreg     unsigned char 
 Auto vars:     Size  Location     Type
  count           1    6[BANK0 ] unsigned char 
 Return value:  Size  Location     Type
                  1    wreg      void 
 Registers used:
		wreg, status,2, status,0
 Tracked objects:
		On entry : 
		On exit  : 
		Unchanged: 
 Data sizes:     COMMON   BANK0   BANK1   BANK3   BANK2
      Params:         0       0       0       0       0
      Locals:         0       5       0       0       0
      Temps:          0       2       0       0       0
      Totals:         0       7       0       0       0
Total ram usage:        7 bytes
 Hardware stack levels used:    1
 Hardware stack levels required when called:    3
 This function calls:
		Nothing
 This function is called by:
		_main
 This function uses a non-reentrant model


 *************** function _isr *****************
 Defined at:
		line 632 in file "main.c"
 Parameters:    Size  Location     Type
		None
 Auto vars:     Size  Location     Type
		None
 Return value:  Size  Location     Type
                  1    wreg      void 
 Registers used:
		wreg, fsr0l, fsr0h, status,2, status,0, pclath, cstack
 Tracked objects:
		On entry : 
		On exit  : 
		Unchanged: 
 Data sizes:     COMMON   BANK0   BANK1   BANK3   BANK2
      Params:         0       0       0       0       0
      Locals:         0       0       0       0       0
      Temps:          4       0       0       0       0
      Totals:         4       0       0       0       0
Total ram usage:        4 bytes
 Hardware stack levels used:    1
 Hardware stack levels required when called:    2
 This function calls:
		_SerialInt
		_Timer0Int
 This function is called by:
		Interrupt level 1
 This function uses a non-reentrant model


 *************** function _Timer0Int *****************
 Defined at:
		line 540 in file "main.c"
 Parameters:    Size  Location     Type
		None
 Auto vars:     Size  Location     Type
		None
 Return value:  Size  Location     Type
                  1    wreg      void 
 Registers used:
		wreg, status,2, status,0
 Tracked objects:
		On entry : 
		On exit  : 
		Unchanged: 
 Data sizes:     COMMON   BANK0   BANK1   BANK3   BANK2
      Params:         0       0       0       0       0
      Locals:         0       0       0       0       0
      Temps:          1       0       0       0       0
      Totals:         1       0       0       0       0
Total ram usage:        1 bytes
 Hardware stack levels used:    1
 This function calls:
		Nothing
 This function is called by:
		_isr
 This function uses a non-reentrant model


 *************** function _SerialInt *****************
 Defined at:
		line 618 in file "main.c"
 Parameters:    Size  Location     Type
		None
 Auto vars:     Size  Location     Type
  ch              1    5[COMMON] unsigned char 
 Return value:  Size  Location     Type
                  1    wreg      void 
 Registers used:
		wreg, fsr0l, fsr0h, status,2, status,0, pclath, cstack
 Tracked objects:
		On entry : 
		On exit  : 
		Unchanged: 
 Data sizes:     COMMON   BANK0   BANK1   BANK3   BANK2
      Params:         0       0       0       0       0
      Locals:         1       0       0       0       0
      Temps:          1       0       0       0       0
      Totals:         2       0       0       0       0
Total ram usage:        2 bytes
 Hardware stack levels used:    1
 Hardware stack levels required when called:    1
 This function calls:
		_SerRecv
 This function is called by:
		_isr
 This function uses a non-reentrant model


 *************** function _SerRecv *****************
 Defined at:
		line 136 in file "serial.c"
 Parameters:    Size  Location     Type
  ch              1    wreg     unsigned char 
 Auto vars:     Size  Location     Type
  ch              1    3[COMMON] unsigned char 
  i               1    2[COMMON] unsigned char 
  sum             1    1[COMMON] unsigned char 
 Return value:  Size  Location     Type
                  1    wreg      void 
 Registers used:
		wreg, fsr0l, fsr0h, status,2, status,0
 Tracked objects:
		On entry : 
		On exit  : 
		Unchanged: 
 Data sizes:     COMMON   BANK0   BANK1   BANK3   BANK2
      Params:         0       0       0       0       0
      Locals:         3       0       0       0       0
      Temps:          1       0       0       0       0
      Totals:         4       0       0       0       0
Total ram usage:        4 bytes
 Hardware stack levels used:    1
 This function calls:
		Nothing
 This function is called by:
		_SerialInt
 This function uses a non-reentrant model



MODULE INFORMATION

Module		Function		Class		Link	Load	Size
/opt/microchip/xc8/v1.44/sources/common/itoa.c
		_utoa          		CODE           	1F94	0000	109

/opt/microchip/xc8/v1.44/sources/common/itoa.c estimated size: 109

serial.c
		_SerReceive    		CODE           	1D46	0000	45
		_SerPutCh      		CODE           	1CA7	0000	13
		_SerTask       		CODE           	1C62	0000	8
		_SerInit       		CODE           	1CFA	0000	34
		_SerSendQ      		CODE           	10C4	0000	127
		_SerSendR      		CODE           	0801	0000	122
		_SerTimer      		CODE           	1CB3	0000	13
		_SerTimeOut    		CODE           	1C9E	0000	10
		_SerAck        		CODE           	1C95	0000	10
		_SerRecv       		CODE           	1046	0000	127

serial.c estimated size: 509

/opt/microchip/xc8/v1.44/sources/common/lwmod.c
		___lwmod       		CODE           	1E03	0000	53

/opt/microchip/xc8/v1.44/sources/common/lwmod.c estimated size: 53

iee.c
		_iEEputc       		CODE           	1DD1	0000	51
		_iEEgetc       		CODE           	1CBF	0000	15

iee.c estimated size: 66

minipow.c
		_minipow2      		CODE           	1DA0	0000	50

minipow.c estimated size: 50

/opt/microchip/xc8/v1.44/sources/common/lwdiv.c
		___lwdiv       		CODE           	1EAA	0000	63

/opt/microchip/xc8/v1.44/sources/common/lwdiv.c estimated size: 63

/opt/microchip/xc8/v1.44/sources/common/Umul8.c
		___bmul        		CODE           	07E7	0000	20

/opt/microchip/xc8/v1.44/sources/common/Umul8.c estimated size: 20

shared
		__stringtab    		STRING         	1800	0000	17
		__initialization		CODE           	0015	0000	29

shared estimated size: 46

lcd.c
		_LCDBusOutput  		CODE           	1C83	0000	10
		_LCDMsg        		CODE           	1004	0000	67
		_LCDInit       		CODE           	148B	0000	244
		_LCDSend       		CODE           	11C2	0000	161
		_LCDGoto       		CODE           	1EE8	0000	74
		_LCDBusInput   		CODE           	1C7A	0000	10

lcd.c estimated size: 566

ioports.c
		_IOTask        		CODE           	1C71	0000	10
		_IOInit        		CODE           	1311	0000	187
		_IOTimer       		CODE           	07FA	0000	5
		_IOUpdateIn    		CODE           	0D69	0000	664
		_IOUpdateOut   		CODE           	1F31	0000	100
		_IOResetChanges		CODE           	1E6F	0000	60
		_IOControlFinPulso		CODE           	06E4	0000	260
		_IOChanges     		CODE           	1E37	0000	57

ioports.c estimated size: 1343

main.c
		_SerialInt     		CODE           	1CCD	0000	17
		_SaveConfig    		CODE           	087A	0000	376
		_PrintMes      		CODE           	157E	0000	296
		_main          		CODE           	0035	0000	1712
		_LoadConfig    		CODE           	0B8E	0000	476
		_isr           		CODE           	1CDD	0000	30
		_PrintInfoScreen		CODE           	13CB	0000	193
		_SaveStatus    		CODE           	16A5	0000	348
		_Timer0Int     		CODE           	1142	0000	129
		_PrintDiaSem   		CODE           	1262	0000	176
		_LoadStatus    		CODE           	09F1	0000	414

main.c estimated size: 4167

perif.c
		_PerifTask     		CODE           	07FF	0000	2
		_PerifInit     		CODE           	1C8C	0000	10
		_PerifTimer1s  		CODE           	07FE	0000	2
		_Beep          		CODE           	1D1B	0000	44
		_PerifTimer10ms		CODE           	1D72	0000	47

perif.c estimated size: 105

